Archive member included to satisfy reference by file (symbol)

c:/st/stm32cubeide_1.10.1/stm32cubeide/plugins/com.st.stm32cube.ide.mcu.externaltools.gnu-tools-for-stm32.10.3-2021.10.win32_1.0.0.202111181127/tools/bin/../lib/gcc/arm-none-eabi/10.3.1/../../../../arm-none-eabi/lib/thumb/v7e-m+fp/hard\libm.a(lib_a-w_atan2.o)
                              ./Core/Src/wrapper.o (atan2)
c:/st/stm32cubeide_1.10.1/stm32cubeide/plugins/com.st.stm32cube.ide.mcu.externaltools.gnu-tools-for-stm32.10.3-2021.10.win32_1.0.0.202111181127/tools/bin/../lib/gcc/arm-none-eabi/10.3.1/../../../../arm-none-eabi/lib/thumb/v7e-m+fp/hard\libm.a(lib_a-w_pow.o)
                              ./Core/Src/wrapper.o (pow)
c:/st/stm32cubeide_1.10.1/stm32cubeide/plugins/com.st.stm32cube.ide.mcu.externaltools.gnu-tools-for-stm32.10.3-2021.10.win32_1.0.0.202111181127/tools/bin/../lib/gcc/arm-none-eabi/10.3.1/../../../../arm-none-eabi/lib/thumb/v7e-m+fp/hard\libm.a(lib_a-w_sqrt.o)
                              ./Core/Src/wrapper.o (sqrt)
c:/st/stm32cubeide_1.10.1/stm32cubeide/plugins/com.st.stm32cube.ide.mcu.externaltools.gnu-tools-for-stm32.10.3-2021.10.win32_1.0.0.202111181127/tools/bin/../lib/gcc/arm-none-eabi/10.3.1/../../../../arm-none-eabi/lib/thumb/v7e-m+fp/hard\libm.a(lib_a-wf_asin.o)
                              ./Core/Src/wrapper.o (asinf)
c:/st/stm32cubeide_1.10.1/stm32cubeide/plugins/com.st.stm32cube.ide.mcu.externaltools.gnu-tools-for-stm32.10.3-2021.10.win32_1.0.0.202111181127/tools/bin/../lib/gcc/arm-none-eabi/10.3.1/../../../../arm-none-eabi/lib/thumb/v7e-m+fp/hard\libm.a(lib_a-e_atan2.o)
                              c:/st/stm32cubeide_1.10.1/stm32cubeide/plugins/com.st.stm32cube.ide.mcu.externaltools.gnu-tools-for-stm32.10.3-2021.10.win32_1.0.0.202111181127/tools/bin/../lib/gcc/arm-none-eabi/10.3.1/../../../../arm-none-eabi/lib/thumb/v7e-m+fp/hard\libm.a(lib_a-w_atan2.o) (__ieee754_atan2)
c:/st/stm32cubeide_1.10.1/stm32cubeide/plugins/com.st.stm32cube.ide.mcu.externaltools.gnu-tools-for-stm32.10.3-2021.10.win32_1.0.0.202111181127/tools/bin/../lib/gcc/arm-none-eabi/10.3.1/../../../../arm-none-eabi/lib/thumb/v7e-m+fp/hard\libm.a(lib_a-e_pow.o)
                              c:/st/stm32cubeide_1.10.1/stm32cubeide/plugins/com.st.stm32cube.ide.mcu.externaltools.gnu-tools-for-stm32.10.3-2021.10.win32_1.0.0.202111181127/tools/bin/../lib/gcc/arm-none-eabi/10.3.1/../../../../arm-none-eabi/lib/thumb/v7e-m+fp/hard\libm.a(lib_a-w_pow.o) (__ieee754_pow)
c:/st/stm32cubeide_1.10.1/stm32cubeide/plugins/com.st.stm32cube.ide.mcu.externaltools.gnu-tools-for-stm32.10.3-2021.10.win32_1.0.0.202111181127/tools/bin/../lib/gcc/arm-none-eabi/10.3.1/../../../../arm-none-eabi/lib/thumb/v7e-m+fp/hard\libm.a(lib_a-e_sqrt.o)
                              c:/st/stm32cubeide_1.10.1/stm32cubeide/plugins/com.st.stm32cube.ide.mcu.externaltools.gnu-tools-for-stm32.10.3-2021.10.win32_1.0.0.202111181127/tools/bin/../lib/gcc/arm-none-eabi/10.3.1/../../../../arm-none-eabi/lib/thumb/v7e-m+fp/hard\libm.a(lib_a-w_sqrt.o) (__ieee754_sqrt)
c:/st/stm32cubeide_1.10.1/stm32cubeide/plugins/com.st.stm32cube.ide.mcu.externaltools.gnu-tools-for-stm32.10.3-2021.10.win32_1.0.0.202111181127/tools/bin/../lib/gcc/arm-none-eabi/10.3.1/../../../../arm-none-eabi/lib/thumb/v7e-m+fp/hard\libm.a(lib_a-ef_asin.o)
                              c:/st/stm32cubeide_1.10.1/stm32cubeide/plugins/com.st.stm32cube.ide.mcu.externaltools.gnu-tools-for-stm32.10.3-2021.10.win32_1.0.0.202111181127/tools/bin/../lib/gcc/arm-none-eabi/10.3.1/../../../../arm-none-eabi/lib/thumb/v7e-m+fp/hard\libm.a(lib_a-wf_asin.o) (__ieee754_asinf)
c:/st/stm32cubeide_1.10.1/stm32cubeide/plugins/com.st.stm32cube.ide.mcu.externaltools.gnu-tools-for-stm32.10.3-2021.10.win32_1.0.0.202111181127/tools/bin/../lib/gcc/arm-none-eabi/10.3.1/../../../../arm-none-eabi/lib/thumb/v7e-m+fp/hard\libm.a(lib_a-ef_sqrt.o)
                              c:/st/stm32cubeide_1.10.1/stm32cubeide/plugins/com.st.stm32cube.ide.mcu.externaltools.gnu-tools-for-stm32.10.3-2021.10.win32_1.0.0.202111181127/tools/bin/../lib/gcc/arm-none-eabi/10.3.1/../../../../arm-none-eabi/lib/thumb/v7e-m+fp/hard\libm.a(lib_a-ef_asin.o) (__ieee754_sqrtf)
c:/st/stm32cubeide_1.10.1/stm32cubeide/plugins/com.st.stm32cube.ide.mcu.externaltools.gnu-tools-for-stm32.10.3-2021.10.win32_1.0.0.202111181127/tools/bin/../lib/gcc/arm-none-eabi/10.3.1/../../../../arm-none-eabi/lib/thumb/v7e-m+fp/hard\libm.a(lib_a-math_err.o)
                              c:/st/stm32cubeide_1.10.1/stm32cubeide/plugins/com.st.stm32cube.ide.mcu.externaltools.gnu-tools-for-stm32.10.3-2021.10.win32_1.0.0.202111181127/tools/bin/../lib/gcc/arm-none-eabi/10.3.1/../../../../arm-none-eabi/lib/thumb/v7e-m+fp/hard\libm.a(lib_a-e_pow.o) (__math_uflow)
[...]
Memory Configuration

Name             Origin             Length             Attributes
RAM              0x0000000020000000 0x0000000000020000 xrw
FLASH            0x0000000008000000 0x0000000000080000 xr
*default*        0x0000000000000000 0xffffffffffffffff

Linker script and memory map

LOAD c:/st/stm32cubeide_1.10.1/stm32cubeide/plugins/com.st.stm32cube.ide.mcu.externaltools.gnu-tools-for-stm32.10.3-2021.10.win32_1.0.0.202111181127/tools/bin/../lib/gcc/arm-none-eabi/10.3.1/thumb/v7e-m+fp/hard/crti.o
LOAD c:/st/stm32cubeide_1.10.1/stm32cubeide/plugins/com.st.stm32cube.ide.mcu.externaltools.gnu-tools-for-stm32.10.3-2021.10.win32_1.0.0.202111181127/tools/bin/../lib/gcc/arm-none-eabi/10.3.1/thumb/v7e-m+fp/hard/crtbegin.o
LOAD c:/st/stm32cubeide_1.10.1/stm32cubeide/plugins/com.st.stm32cube.ide.mcu.externaltools.gnu-tools-for-stm32.10.3-2021.10.win32_1.0.0.202111181127/tools/bin/../lib/gcc/arm-none-eabi/10.3.1/../../../../arm-none-eabi/lib/thumb/v7e-m+fp/hard/crt0.o
LOAD ./Core/Src/ICM20948.o
LOAD ./Core/Src/gpio.o
LOAD ./Core/Src/i2c.o
LOAD ./Core/Src/main.o
LOAD ./Core/Src/stm32f4xx_hal_msp.o
LOAD ./Core/Src/stm32f4xx_it.o
LOAD ./Core/Src/syscalls.o
LOAD ./Core/Src/sysmem.o
LOAD ./Core/Src/system_stm32f4xx.o
LOAD ./Core/Src/tim.o
LOAD ./Core/Src/usart.o
LOAD ./Core/Src/wrapper.o
LOAD ./Core/Startup/startup_stm32f411retx.o
LOAD ./Drivers/STM32F4xx_HAL_Driver/Src/stm32f4xx_hal.o
LOAD ./Drivers/STM32F4xx_HAL_Driver/Src/stm32f4xx_hal_cortex.o
LOAD ./Drivers/STM32F4xx_HAL_Driver/Src/stm32f4xx_hal_dma.o
LOAD ./Drivers/STM32F4xx_HAL_Driver/Src/stm32f4xx_hal_dma_ex.o
LOAD ./Drivers/STM32F4xx_HAL_Driver/Src/stm32f4xx_hal_exti.o
LOAD ./Drivers/STM32F4xx_HAL_Driver/Src/stm32f4xx_hal_flash.o
LOAD ./Drivers/STM32F4xx_HAL_Driver/Src/stm32f4xx_hal_flash_ex.o
LOAD ./Drivers/STM32F4xx_HAL_Driver/Src/stm32f4xx_hal_flash_ramfunc.o
LOAD ./Drivers/STM32F4xx_HAL_Driver/Src/stm32f4xx_hal_gpio.o
LOAD ./Drivers/STM32F4xx_HAL_Driver/Src/stm32f4xx_hal_i2c.o
LOAD ./Drivers/STM32F4xx_HAL_Driver/Src/stm32f4xx_hal_i2c_ex.o
LOAD ./Drivers/STM32F4xx_HAL_Driver/Src/stm32f4xx_hal_pwr.o
LOAD ./Drivers/STM32F4xx_HAL_Driver/Src/stm32f4xx_hal_pwr_ex.o
LOAD ./Drivers/STM32F4xx_HAL_Driver/Src/stm32f4xx_hal_rcc.o
LOAD ./Drivers/STM32F4xx_HAL_Driver/Src/stm32f4xx_hal_rcc_ex.o
LOAD ./Drivers/STM32F4xx_HAL_Driver/Src/stm32f4xx_hal_tim.o
LOAD ./Drivers/STM32F4xx_HAL_Driver/Src/stm32f4xx_hal_tim_ex.o
LOAD ./Drivers/STM32F4xx_HAL_Driver/Src/stm32f4xx_hal_uart.o
LOAD ./subModule/TIM_stopwatch/TIMStopWatch.o
START GROUP
LOAD c:/st/stm32cubeide_1.10.1/stm32cubeide/plugins/com.st.stm32cube.ide.mcu.externaltools.gnu-tools-for-stm32.10.3-2021.10.win32_1.0.0.202111181127/tools/bin/../lib/gcc/arm-none-eabi/10.3.1/../../../../arm-none-eabi/lib/thumb/v7e-m+fp/hard\libstdc++_nano.a
LOAD c:/st/stm32cubeide_1.10.1/stm32cubeide/plugins/com.st.stm32cube.ide.mcu.externaltools.gnu-tools-for-stm32.10.3-2021.10.win32_1.0.0.202111181127/tools/bin/../lib/gcc/arm-none-eabi/10.3.1/../../../../arm-none-eabi/lib/thumb/v7e-m+fp/hard\libsupc++_nano.a
END GROUP
LOAD c:/st/stm32cubeide_1.10.1/stm32cubeide/plugins/com.st.stm32cube.ide.mcu.externaltools.gnu-tools-for-stm32.10.3-2021.10.win32_1.0.0.202111181127/tools/bin/../lib/gcc/arm-none-eabi/10.3.1/../../../../arm-none-eabi/lib/thumb/v7e-m+fp/hard\libstdc++_nano.a
LOAD c:/st/stm32cubeide_1.10.1/stm32cubeide/plugins/com.st.stm32cube.ide.mcu.externaltools.gnu-tools-for-stm32.10.3-2021.10.win32_1.0.0.202111181127/tools/bin/../lib/gcc/arm-none-eabi/10.3.1/../../../../arm-none-eabi/lib/thumb/v7e-m+fp/hard\libm.a
LOAD c:/st/stm32cubeide_1.10.1/stm32cubeide/plugins/com.st.stm32cube.ide.mcu.externaltools.gnu-tools-for-stm32.10.3-2021.10.win32_1.0.0.202111181127/tools/bin/../lib/gcc/arm-none-eabi/10.3.1/../../../../arm-none-eabi/lib/thumb/v7e-m+fp/hard\libc_nano.a
START GROUP
LOAD c:/st/stm32cubeide_1.10.1/stm32cubeide/plugins/com.st.stm32cube.ide.mcu.externaltools.gnu-tools-for-stm32.10.3-2021.10.win32_1.0.0.202111181127/tools/bin/../lib/gcc/arm-none-eabi/10.3.1/thumb/v7e-m+fp/hard\libgcc.a
LOAD c:/st/stm32cubeide_1.10.1/stm32cubeide/plugins/com.st.stm32cube.ide.mcu.externaltools.gnu-tools-for-stm32.10.3-2021.10.win32_1.0.0.202111181127/tools/bin/../lib/gcc/arm-none-eabi/10.3.1/../../../../arm-none-eabi/lib/thumb/v7e-m+fp/hard\libc_nano.a
END GROUP
START GROUP
LOAD c:/st/stm32cubeide_1.10.1/stm32cubeide/plugins/com.st.stm32cube.ide.mcu.externaltools.gnu-tools-for-stm32.10.3-2021.10.win32_1.0.0.202111181127/tools/bin/../lib/gcc/arm-none-eabi/10.3.1/thumb/v7e-m+fp/hard\libgcc.a
LOAD c:/st/stm32cubeide_1.10.1/stm32cubeide/plugins/com.st.stm32cube.ide.mcu.externaltools.gnu-tools-for-stm32.10.3-2021.10.win32_1.0.0.202111181127/tools/bin/../lib/gcc/arm-none-eabi/10.3.1/../../../../arm-none-eabi/lib/thumb/v7e-m+fp/hard\libc_nano.a
LOAD c:/st/stm32cubeide_1.10.1/stm32cubeide/plugins/com.st.stm32cube.ide.mcu.externaltools.gnu-tools-for-stm32.10.3-2021.10.win32_1.0.0.202111181127/tools/bin/../lib/gcc/arm-none-eabi/10.3.1/../../../../arm-none-eabi/lib/thumb/v7e-m+fp/hard\libnosys.a
END GROUP
START GROUP
LOAD c:/st/stm32cubeide_1.10.1/stm32cubeide/plugins/com.st.stm32cube.ide.mcu.externaltools.gnu-tools-for-stm32.10.3-2021.10.win32_1.0.0.202111181127/tools/bin/../lib/gcc/arm-none-eabi/10.3.1/thumb/v7e-m+fp/hard\libgcc.a
LOAD c:/st/stm32cubeide_1.10.1/stm32cubeide/plugins/com.st.stm32cube.ide.mcu.externaltools.gnu-tools-for-stm32.10.3-2021.10.win32_1.0.0.202111181127/tools/bin/../lib/gcc/arm-none-eabi/10.3.1/../../../../arm-none-eabi/lib/thumb/v7e-m+fp/hard\libc_nano.a
LOAD c:/st/stm32cubeide_1.10.1/stm32cubeide/plugins/com.st.stm32cube.ide.mcu.externaltools.gnu-tools-for-stm32.10.3-2021.10.win32_1.0.0.202111181127/tools/bin/../lib/gcc/arm-none-eabi/10.3.1/../../../../arm-none-eabi/lib/thumb/v7e-m+fp/hard\libnosys.a
END GROUP
LOAD c:/st/stm32cubeide_1.10.1/stm32cubeide/plugins/com.st.stm32cube.ide.mcu.externaltools.gnu-tools-for-stm32.10.3-2021.10.win32_1.0.0.202111181127/tools/bin/../lib/gcc/arm-none-eabi/10.3.1/thumb/v7e-m+fp/hard/crtend.o
LOAD c:/st/stm32cubeide_1.10.1/stm32cubeide/plugins/com.st.stm32cube.ide.mcu.externaltools.gnu-tools-for-stm32.10.3-2021.10.win32_1.0.0.202111181127/tools/bin/../lib/gcc/arm-none-eabi/10.3.1/thumb/v7e-m+fp/hard/crtn.o
                0x0000000020020000                _estack = (ORIGIN (RAM) + LENGTH (RAM))
                0x0000000000000200                _Min_Heap_Size = 0x200
                0x0000000000000400                _Min_Stack_Size = 0x400

.isr_vector     0x0000000008000000      0x198
                0x0000000008000000                . = ALIGN (0x4)
 *(.isr_vector)
 .isr_vector    0x0000000008000000      0x198 ./Core/Startup/startup_stm32f411retx.o
                0x0000000008000000                g_pfnVectors
                0x0000000008000198                . = ALIGN (0x4)

.text           0x0000000008000198     0x670c
                0x0000000008000198                . = ALIGN (0x4)
 *(.text)
 .text          0x0000000008000198       0x40 c:/st/stm32cubeide_1.10.1/stm32cubeide/plugins/com.st.stm32cube.ide.mcu.externaltools.gnu-tools-for-stm32.10.3-2021.10.win32_1.0.0.202111181127/tools/bin/../lib/gcc/arm-none-eabi/10.3.1/thumb/v7e-m+fp/hard/crtbegin.o
 .text          0x00000000080001d8      0x378 c:/st/stm32cubeide_1.10.1/stm32cubeide/plugins/com.st.stm32cube.ide.mcu.externaltools.gnu-tools-for-stm32.10.3-2021.10.win32_1.0.0.202111181127/tools/bin/../lib/gcc/arm-none-eabi/10.3.1/thumb/v7e-m+fp/hard\libgcc.a(_arm_addsubdf3.o)
                0x00000000080001d8                __aeabi_drsub
                0x00000000080001e0                __aeabi_dsub
                0x00000000080001e0                __subdf3
                0x00000000080001e4                __aeabi_dadd
                0x00000000080001e4                __adddf3
                0x000000000800045c                __floatunsidf
                0x000000000800045c                __aeabi_ui2d
                0x000000000800047c                __floatsidf
                0x000000000800047c                __aeabi_i2d
                0x00000000080004a0                __aeabi_f2d
                0x00000000080004a0                __extendsfdf2
                0x00000000080004e4                __floatundidf
                0x00000000080004e4                __aeabi_ul2d
                0x00000000080004f4                __floatdidf
                0x00000000080004f4                __aeabi_l2d
 .text          0x0000000008000550      0x424 c:/st/stm32cubeide_1.10.1/stm32cubeide/plugins/com.st.stm32cube.ide.mcu.externaltools.gnu-tools-for-stm32.10.3-2021.10.win32_1.0.0.202111181127/tools/bin/../lib/gcc/arm-none-eabi/10.3.1/thumb/v7e-m+fp/hard\libgcc.a(_arm_muldivdf3.o)
                0x0000000008000550                __aeabi_dmul
                0x0000000008000550                __muldf3
                0x00000000080007a4                __divdf3
                0x00000000080007a4                __aeabi_ddiv
 .text          0x0000000008000974      0x110 c:/st/stm32cubeide_1.10.1/stm32cubeide/plugins/com.st.stm32cube.ide.mcu.externaltools.gnu-tools-for-stm32.10.3-2021.10.win32_1.0.0.202111181127/tools/bin/../lib/gcc/arm-none-eabi/10.3.1/thumb/v7e-m+fp/hard\libgcc.a(_arm_cmpdf2.o)
                0x0000000008000974                __gtdf2
                0x0000000008000974                __gedf2
                0x000000000800097c                __ltdf2
                0x000000000800097c                __ledf2
                0x0000000008000984                __nedf2
                0x0000000008000984                __eqdf2
                0x0000000008000984                __cmpdf2
                0x0000000008000a00                __aeabi_cdrcmple
                0x0000000008000a10                __aeabi_cdcmpeq
                0x0000000008000a10                __aeabi_cdcmple
                0x0000000008000a20                __aeabi_dcmpeq
                0x0000000008000a34                __aeabi_dcmplt
                0x0000000008000a48                __aeabi_dcmple
                0x0000000008000a5c                __aeabi_dcmpge
                0x0000000008000a70                __aeabi_dcmpgt
 .text          0x0000000008000a84       0x2c c:/st/stm32cubeide_1.10.1/stm32cubeide/plugins/com.st.stm32cube.ide.mcu.externaltools.gnu-tools-for-stm32.10.3-2021.10.win32_1.0.0.202111181127/tools/bin/../lib/gcc/arm-none-eabi/10.3.1/thumb/v7e-m+fp/hard\libgcc.a(_arm_unorddf2.o)
                0x0000000008000a84                __unorddf2
                0x0000000008000a84                __aeabi_dcmpun
 .text          0x0000000008000ab0       0xa0 c:/st/stm32cubeide_1.10.1/stm32cubeide/plugins/com.st.stm32cube.ide.mcu.externaltools.gnu-tools-for-stm32.10.3-2021.10.win32_1.0.0.202111181127/tools/bin/../lib/gcc/arm-none-eabi/10.3.1/thumb/v7e-m+fp/hard\libgcc.a(_arm_truncdfsf2.o)
                0x0000000008000ab0                __truncdfsf2
                0x0000000008000ab0                __aeabi_d2f
 .text          0x0000000008000b50       0x30 c:/st/stm32cubeide_1.10.1/stm32cubeide/plugins/com.st.stm32cube.ide.mcu.externaltools.gnu-tools-for-stm32.10.3-2021.10.win32_1.0.0.202111181127/tools/bin/../lib/gcc/arm-none-eabi/10.3.1/thumb/v7e-m+fp/hard\libgcc.a(_aeabi_uldivmod.o)
                0x0000000008000b50                __aeabi_uldivmod
 .text          0x0000000008000b80      0x2d0 c:/st/stm32cubeide_1.10.1/stm32cubeide/plugins/com.st.stm32cube.ide.mcu.externaltools.gnu-tools-for-stm32.10.3-2021.10.win32_1.0.0.202111181127/tools/bin/../lib/gcc/arm-none-eabi/10.3.1/thumb/v7e-m+fp/hard\libgcc.a(_udivmoddi4.o)
                0x0000000008000b80                __udivmoddi4
 .text          0x0000000008000e50        0x4 c:/st/stm32cubeide_1.10.1/stm32cubeide/plugins/com.st.stm32cube.ide.mcu.externaltools.gnu-tools-for-stm32.10.3-2021.10.win32_1.0.0.202111181127/tools/bin/../lib/gcc/arm-none-eabi/10.3.1/thumb/v7e-m+fp/hard\libgcc.a(_dvmd_tls.o)
                0x0000000008000e50                __aeabi_idiv0
                0x0000000008000e50                __aeabi_ldiv0
 *(.text*)
 .text._ZN8ICM209486whoamiEv
                0x0000000008000e54       0x40 ./Core/Src/ICM20948.o
                0x0000000008000e54                ICM20948::whoami()
 .text._ZN8ICM209488pwrmgmt1Eh
                0x0000000008000e94       0x3e ./Core/Src/ICM20948.o
                0x0000000008000e94                ICM20948::pwrmgmt1(unsigned char)
 .text._ZN8ICM209488pwrmgmt2Eh
                0x0000000008000ed2       0x3e ./Core/Src/ICM20948.o
                0x0000000008000ed2                ICM20948::pwrmgmt2(unsigned char)
 .text._ZN8ICM209485resetEv
                0x0000000008000f10       0x5a ./Core/Src/ICM20948.o
                0x0000000008000f10                ICM20948::reset()
 .text._ZN8ICM2094814changeUserBankEh
                0x0000000008000f6a       0x56 ./Core/Src/ICM20948.o
                0x0000000008000f6a                ICM20948::changeUserBank(unsigned char)
 .text._ZN8ICM2094811accelConfigENS_16AccelSensitivityEbh
                0x0000000008000fc0       0xa4 ./Core/Src/ICM20948.o
                0x0000000008000fc0                ICM20948::accelConfig(ICM20948::AccelSensitivity, bool, unsigned char)
 .text._ZN8ICM2094810gyroConfigENS_15GyroSensitivityEbh
                0x0000000008001064       0xa0 ./Core/Src/ICM20948.o
                0x0000000008001064                ICM20948::gyroConfig(ICM20948::GyroSensitivity, bool, unsigned char)
 .text._ZN8ICM2094814get6ValueBurstERSt5arrayIfLj3EES2_
                0x0000000008001104      0x140 ./Core/Src/ICM20948.o
                0x0000000008001104                ICM20948::get6ValueBurst(std::array<float, 3u>&, std::array<float, 3u>&)
 .text._ZN8ICM2094812intPinConfigEh
                0x0000000008001244       0x3c ./Core/Src/ICM20948.o
                0x0000000008001244                ICM20948::intPinConfig(unsigned char)
 .text._ZN8ICM209489intenableEh
                0x0000000008001280       0x3c ./Core/Src/ICM20948.o
                0x0000000008001280                ICM20948::intenable(unsigned char)
 .text._ZNSt5arrayIfLj3EEixEj
                0x00000000080012bc       0x1e ./Core/Src/ICM20948.o
                0x00000000080012bc                std::array<float, 3u>::operator[](unsigned int)
 .text._ZNSt14__array_traitsIfLj3EE6_S_refERA3_Kfj
                0x00000000080012da       0x1e ./Core/Src/ICM20948.o
                0x00000000080012da                std::__array_traits<float, 3u>::_S_ref(float const (&) [3], unsigned int)
 .text.MX_GPIO_Init
                0x00000000080012f8      0x108 ./Core/Src/gpio.o
                0x00000000080012f8                MX_GPIO_Init
 .text.MX_I2C1_Init
                0x0000000008001400       0x5c ./Core/Src/i2c.o
                0x0000000008001400                MX_I2C1_Init
 .text.HAL_I2C_MspInit
                0x000000000800145c       0x90 ./Core/Src/i2c.o
                0x000000000800145c                HAL_I2C_MspInit
 .text.main     0x00000000080014ec       0x26 ./Core/Src/main.o
                0x00000000080014ec                main
 *fill*         0x0000000008001512        0x2 
 .text.SystemClock_Config
                0x0000000008001514       0xd4 ./Core/Src/main.o
                0x0000000008001514                SystemClock_Config
 .text.Error_Handler
                0x00000000080015e8        0xa ./Core/Src/main.o
                0x00000000080015e8                Error_Handler
 *fill*         0x00000000080015f2        0x2 
 .text.HAL_MspInit
                0x00000000080015f4       0x50 ./Core/Src/stm32f4xx_hal_msp.o
                0x00000000080015f4                HAL_MspInit
 .text.NMI_Handler
                0x0000000008001644        0x6 ./Core/Src/stm32f4xx_it.o
                0x0000000008001644                NMI_Handler
 .text.HardFault_Handler
                0x000000000800164a        0x6 ./Core/Src/stm32f4xx_it.o
                0x000000000800164a                HardFault_Handler
 .text.MemManage_Handler
                0x0000000008001650        0x6 ./Core/Src/stm32f4xx_it.o
                0x0000000008001650                MemManage_Handler
 .text.BusFault_Handler
                0x0000000008001656        0x6 ./Core/Src/stm32f4xx_it.o
                0x0000000008001656                BusFault_Handler
 .text.UsageFault_Handler
                0x000000000800165c        0x6 ./Core/Src/stm32f4xx_it.o
                0x000000000800165c                UsageFault_Handler
 .text.SVC_Handler
                0x0000000008001662        0xe ./Core/Src/stm32f4xx_it.o
                0x0000000008001662                SVC_Handler
 .text.DebugMon_Handler
                0x0000000008001670        0xe ./Core/Src/stm32f4xx_it.o
                0x0000000008001670                DebugMon_Handler
 .text.PendSV_Handler
                0x000000000800167e        0xe ./Core/Src/stm32f4xx_it.o
                0x000000000800167e                PendSV_Handler
 .text.SysTick_Handler
                0x000000000800168c        0xc ./Core/Src/stm32f4xx_it.o
                0x000000000800168c                SysTick_Handler
 .text.EXTI15_10_IRQHandler
                0x0000000008001698       0x18 ./Core/Src/stm32f4xx_it.o
                0x0000000008001698                EXTI15_10_IRQHandler
 .text.SystemInit
                0x00000000080016b0       0x24 ./Core/Src/system_stm32f4xx.o
                0x00000000080016b0                SystemInit
 .text.MX_TIM1_Init
                0x00000000080016d4       0xa0 ./Core/Src/tim.o
                0x00000000080016d4                MX_TIM1_Init
 .text.HAL_TIM_Base_MspInit
                0x0000000008001774       0x44 ./Core/Src/tim.o
                0x0000000008001774                HAL_TIM_Base_MspInit
 .text.MX_USART2_UART_Init
                0x00000000080017b8       0x54 ./Core/Src/usart.o
                0x00000000080017b8                MX_USART2_UART_Init
 .text.HAL_UART_MspInit
                0x000000000800180c       0x90 ./Core/Src/usart.o
                0x000000000800180c                HAL_UART_MspInit
 .text._ZN8ICM20948Ut_C2Ev
                0x000000000800189c       0x46 ./Core/Src/wrapper.o
                0x000000000800189c                ICM20948::{unnamed type#1}::ICM20948()
                0x000000000800189c                ICM20948::{unnamed type#1}::ICM20948()
 *fill*         0x00000000080018e2        0x2 
 .text._ZN8ICM20948C2EP17I2C_HandleTypeDefNS_7AddressE
                0x00000000080018e4       0x54 ./Core/Src/wrapper.o
                0x00000000080018e4                ICM20948::ICM20948(I2C_HandleTypeDef*, ICM20948::Address)
                0x00000000080018e4                ICM20948::ICM20948(I2C_HandleTypeDef*, ICM20948::Address)
 .text._ZN13TIM_StopWatchC2EP17TIM_HandleTypeDefm
                0x0000000008001938       0x38 ./Core/Src/wrapper.o
                0x0000000008001938                TIM_StopWatch::TIM_StopWatch(TIM_HandleTypeDef*, unsigned long)
                0x0000000008001938                TIM_StopWatch::TIM_StopWatch(TIM_HandleTypeDef*, unsigned long)
 .text._ZSt4asinf
                0x0000000008001970       0x20 ./Core/Src/wrapper.o
                0x0000000008001970                std::asin(float)
 .text.init     0x0000000008001990       0xa8 ./Core/Src/wrapper.o
                0x0000000008001990                init
 .text.loop     0x0000000008001a38       0x14 ./Core/Src/wrapper.o
                0x0000000008001a38                loop
 .text.HAL_GPIO_EXTI_Callback
                0x0000000008001a4c      0xac0 ./Core/Src/wrapper.o
                0x0000000008001a4c                HAL_GPIO_EXTI_Callback
 .text._ZSt3powIfiEN9__gnu_cxx11__promote_2IT_T0_NS0_9__promoteIS2_XsrSt12__is_integerIS2_E7__valueEE6__typeENS4_IS3_XsrS5_IS3_E7__valueEE6__typeEE6__typeES2_S3_
                0x000000000800250c       0x42 ./Core/Src/wrapper.o
                0x000000000800250c                __gnu_cxx::__promote_2<float, int, __gnu_cxx::__promote<float, std::__is_integer<float>::__value>::__type, __gnu_cxx::__promote<int, std::__is_integer<int>::__value>::__type>::__type std::pow<float, int>(float, int)
 .text._ZNSt5arrayIS_IfLj3EELj4EEixEj
                0x000000000800254e       0x1e ./Core/Src/wrapper.o
                0x000000000800254e                std::array<std::array<float, 3u>, 4u>::operator[](unsigned int)
 .text._ZSt5atan2IfdEN9__gnu_cxx11__promote_2IT_T0_NS0_9__promoteIS2_XsrSt12__is_integerIS2_E7__valueEE6__typeENS4_IS3_XsrS5_IS3_E7__valueEE6__typeEE6__typeES2_S3_
                0x000000000800256c       0x3a ./Core/Src/wrapper.o
                0x000000000800256c                __gnu_cxx::__promote_2<float, double, __gnu_cxx::__promote<float, std::__is_integer<float>::__value>::__type, __gnu_cxx::__promote<double, std::__is_integer<double>::__value>::__type>::__type std::atan2<float, double>(float, double)
 .text._ZNSt14__array_traitsISt5arrayIfLj3EELj4EE6_S_refERA4_KS1_j
                0x00000000080025a6       0x24 ./Core/Src/wrapper.o
                0x00000000080025a6                std::__array_traits<std::array<float, 3u>, 4u>::_S_ref(std::array<float, 3u> const (&) [4], unsigned int)
 *fill*         0x00000000080025ca        0x2 
 .text._Z41__static_initialization_and_destruction_0ii
                0x00000000080025cc       0x4c ./Core/Src/wrapper.o
 .text._GLOBAL__sub_I_icm20948
                0x0000000008002618       0x10 ./Core/Src/wrapper.o
 .text.Reset_Handler
                0x0000000008002628       0x50 ./Core/Startup/startup_stm32f411retx.o
                0x0000000008002628                Reset_Handler
 .text.Default_Handler
                0x0000000008002678        0x2 ./Core/Startup/startup_stm32f411retx.o
                0x0000000008002678                RTC_Alarm_IRQHandler
                0x0000000008002678                EXTI2_IRQHandler
                0x0000000008002678                SPI4_IRQHandler
                0x0000000008002678                TIM1_CC_IRQHandler
                0x0000000008002678                DMA2_Stream5_IRQHandler
                0x0000000008002678                DMA1_Stream5_IRQHandler
                0x0000000008002678                PVD_IRQHandler
                0x0000000008002678                SDIO_IRQHandler
                0x0000000008002678                TAMP_STAMP_IRQHandler
                0x0000000008002678                EXTI3_IRQHandler
                0x0000000008002678                TIM1_UP_TIM10_IRQHandler
                0x0000000008002678                I2C3_ER_IRQHandler
                0x0000000008002678                EXTI0_IRQHandler
                0x0000000008002678                I2C2_EV_IRQHandler
                0x0000000008002678                DMA1_Stream2_IRQHandler
                0x0000000008002678                FPU_IRQHandler
                0x0000000008002678                DMA2_Stream2_IRQHandler
                0x0000000008002678                SPI1_IRQHandler
                0x0000000008002678                TIM1_BRK_TIM9_IRQHandler
                0x0000000008002678                DMA2_Stream3_IRQHandler
                0x0000000008002678                USART6_IRQHandler
                0x0000000008002678                DMA2_Stream0_IRQHandler
                0x0000000008002678                TIM4_IRQHandler
                0x0000000008002678                I2C1_EV_IRQHandler
                0x0000000008002678                DMA1_Stream6_IRQHandler
                0x0000000008002678                DMA1_Stream1_IRQHandler
                0x0000000008002678                TIM3_IRQHandler
                0x0000000008002678                RCC_IRQHandler
                0x0000000008002678                Default_Handler
                0x0000000008002678                ADC_IRQHandler
                0x0000000008002678                DMA1_Stream7_IRQHandler
                0x0000000008002678                SPI5_IRQHandler
                0x0000000008002678                TIM5_IRQHandler
                0x0000000008002678                DMA2_Stream7_IRQHandler
                0x0000000008002678                I2C3_EV_IRQHandler
                0x0000000008002678                EXTI9_5_IRQHandler
                0x0000000008002678                RTC_WKUP_IRQHandler
                0x0000000008002678                SPI2_IRQHandler
                0x0000000008002678                DMA1_Stream0_IRQHandler
                0x0000000008002678                EXTI4_IRQHandler
                0x0000000008002678                WWDG_IRQHandler
                0x0000000008002678                TIM2_IRQHandler
                0x0000000008002678                OTG_FS_WKUP_IRQHandler
                0x0000000008002678                TIM1_TRG_COM_TIM11_IRQHandler
                0x0000000008002678                EXTI1_IRQHandler
                0x0000000008002678                USART2_IRQHandler
                0x0000000008002678                I2C2_ER_IRQHandler
                0x0000000008002678                DMA2_Stream1_IRQHandler
                0x0000000008002678                FLASH_IRQHandler
                0x0000000008002678                DMA2_Stream4_IRQHandler
                0x0000000008002678                USART1_IRQHandler
                0x0000000008002678                OTG_FS_IRQHandler
                0x0000000008002678                SPI3_IRQHandler
                0x0000000008002678                DMA1_Stream4_IRQHandler
                0x0000000008002678                I2C1_ER_IRQHandler
                0x0000000008002678                DMA2_Stream6_IRQHandler
                0x0000000008002678                DMA1_Stream3_IRQHandler
 *fill*         0x000000000800267a        0x2 
 .text.HAL_Init
                0x000000000800267c       0x44 ./Drivers/STM32F4xx_HAL_Driver/Src/stm32f4xx_hal.o
                0x000000000800267c                HAL_Init
 .text.HAL_InitTick
                0x00000000080026c0       0x60 ./Drivers/STM32F4xx_HAL_Driver/Src/stm32f4xx_hal.o
                0x00000000080026c0                HAL_InitTick
 .text.HAL_IncTick
                0x0000000008002720       0x28 ./Drivers/STM32F4xx_HAL_Driver/Src/stm32f4xx_hal.o
                0x0000000008002720                HAL_IncTick
 .text.HAL_GetTick
                0x0000000008002748       0x18 ./Drivers/STM32F4xx_HAL_Driver/Src/stm32f4xx_hal.o
                0x0000000008002748                HAL_GetTick
 .text.HAL_Delay
                0x0000000008002760       0x48 ./Drivers/STM32F4xx_HAL_Driver/Src/stm32f4xx_hal.o
                0x0000000008002760                HAL_Delay
 .text.__NVIC_SetPriorityGrouping
                0x00000000080027a8       0x48 ./Drivers/STM32F4xx_HAL_Driver/Src/stm32f4xx_hal_cortex.o
 .text.__NVIC_GetPriorityGrouping
                0x00000000080027f0       0x1c ./Drivers/STM32F4xx_HAL_Driver/Src/stm32f4xx_hal_cortex.o
 .text.__NVIC_EnableIRQ
                0x000000000800280c       0x3c ./Drivers/STM32F4xx_HAL_Driver/Src/stm32f4xx_hal_cortex.o
 .text.__NVIC_SetPriority
                0x0000000008002848       0x54 ./Drivers/STM32F4xx_HAL_Driver/Src/stm32f4xx_hal_cortex.o
 .text.NVIC_EncodePriority
                0x000000000800289c       0x66 ./Drivers/STM32F4xx_HAL_Driver/Src/stm32f4xx_hal_cortex.o
 *fill*         0x0000000008002902        0x2 
 .text.SysTick_Config
                0x0000000008002904       0x44 ./Drivers/STM32F4xx_HAL_Driver/Src/stm32f4xx_hal_cortex.o
 .text.HAL_NVIC_SetPriorityGrouping
                0x0000000008002948       0x16 ./Drivers/STM32F4xx_HAL_Driver/Src/stm32f4xx_hal_cortex.o
                0x0000000008002948                HAL_NVIC_SetPriorityGrouping
 .text.HAL_NVIC_SetPriority
                0x000000000800295e       0x38 ./Drivers/STM32F4xx_HAL_Driver/Src/stm32f4xx_hal_cortex.o
                0x000000000800295e                HAL_NVIC_SetPriority
 .text.HAL_NVIC_EnableIRQ
                0x0000000008002996       0x1c ./Drivers/STM32F4xx_HAL_Driver/Src/stm32f4xx_hal_cortex.o
                0x0000000008002996                HAL_NVIC_EnableIRQ
 .text.HAL_SYSTICK_Config
                0x00000000080029b2       0x18 ./Drivers/STM32F4xx_HAL_Driver/Src/stm32f4xx_hal_cortex.o
                0x00000000080029b2                HAL_SYSTICK_Config
 *fill*         0x00000000080029ca        0x2 
 .text.HAL_GPIO_Init
                0x00000000080029cc      0x308 ./Drivers/STM32F4xx_HAL_Driver/Src/stm32f4xx_hal_gpio.o
                0x00000000080029cc                HAL_GPIO_Init
 .text.HAL_GPIO_WritePin
                0x0000000008002cd4       0x32 ./Drivers/STM32F4xx_HAL_Driver/Src/stm32f4xx_hal_gpio.o
                0x0000000008002cd4                HAL_GPIO_WritePin
 .text.HAL_GPIO_TogglePin
                0x0000000008002d06       0x34 ./Drivers/STM32F4xx_HAL_Driver/Src/stm32f4xx_hal_gpio.o
                0x0000000008002d06                HAL_GPIO_TogglePin
 *fill*         0x0000000008002d3a        0x2 
 .text.HAL_GPIO_EXTI_IRQHandler
                0x0000000008002d3c       0x30 ./Drivers/STM32F4xx_HAL_Driver/Src/stm32f4xx_hal_gpio.o
                0x0000000008002d3c                HAL_GPIO_EXTI_IRQHandler
 .text.HAL_I2C_Init
                0x0000000008002d6c      0x288 ./Drivers/STM32F4xx_HAL_Driver/Src/stm32f4xx_hal_i2c.o
                0x0000000008002d6c                HAL_I2C_Init
 .text.HAL_I2C_Mem_Write
                0x0000000008002ff4      0x1f4 ./Drivers/STM32F4xx_HAL_Driver/Src/stm32f4xx_hal_i2c.o
                0x0000000008002ff4                HAL_I2C_Mem_Write
 .text.HAL_I2C_Mem_Read
                0x00000000080031e8      0x44c ./Drivers/STM32F4xx_HAL_Driver/Src/stm32f4xx_hal_i2c.o
                0x00000000080031e8                HAL_I2C_Mem_Read
 .text.I2C_RequestMemoryWrite
                0x0000000008003634      0x12c ./Drivers/STM32F4xx_HAL_Driver/Src/stm32f4xx_hal_i2c.o
 .text.I2C_RequestMemoryRead
                0x0000000008003760      0x1d0 ./Drivers/STM32F4xx_HAL_Driver/Src/stm32f4xx_hal_i2c.o
 .text.I2C_WaitOnFlagUntilTimeout
                0x0000000008003930       0xae ./Drivers/STM32F4xx_HAL_Driver/Src/stm32f4xx_hal_i2c.o
 .text.I2C_WaitOnMasterAddressFlagUntilTimeout
                0x00000000080039de       0xfe ./Drivers/STM32F4xx_HAL_Driver/Src/stm32f4xx_hal_i2c.o
 .text.I2C_WaitOnTXEFlagUntilTimeout
                0x0000000008003adc       0x82 ./Drivers/STM32F4xx_HAL_Driver/Src/stm32f4xx_hal_i2c.o
 .text.I2C_WaitOnBTFFlagUntilTimeout
                0x0000000008003b5e       0x82 ./Drivers/STM32F4xx_HAL_Driver/Src/stm32f4xx_hal_i2c.o
 .text.I2C_WaitOnRXNEFlagUntilTimeout
                0x0000000008003be0       0xac ./Drivers/STM32F4xx_HAL_Driver/Src/stm32f4xx_hal_i2c.o
 .text.I2C_IsAcknowledgeFailed
                0x0000000008003c8c       0x5e ./Drivers/STM32F4xx_HAL_Driver/Src/stm32f4xx_hal_i2c.o
 *fill*         0x0000000008003cea        0x2 
 .text.HAL_RCC_OscConfig
                0x0000000008003cec      0x4f0 ./Drivers/STM32F4xx_HAL_Driver/Src/stm32f4xx_hal_rcc.o
                0x0000000008003cec                HAL_RCC_OscConfig
 .text.HAL_RCC_ClockConfig
                0x00000000080041dc      0x1cc ./Drivers/STM32F4xx_HAL_Driver/Src/stm32f4xx_hal_rcc.o
                0x00000000080041dc                HAL_RCC_ClockConfig
 .text.HAL_RCC_GetSysClockFreq
                0x00000000080043a8      0x20c ./Drivers/STM32F4xx_HAL_Driver/Src/stm32f4xx_hal_rcc.o
                0x00000000080043a8                HAL_RCC_GetSysClockFreq
 .text.HAL_RCC_GetHCLKFreq
                0x00000000080045b4       0x18 ./Drivers/STM32F4xx_HAL_Driver/Src/stm32f4xx_hal_rcc.o
                0x00000000080045b4                HAL_RCC_GetHCLKFreq
 .text.HAL_RCC_GetPCLK1Freq
                0x00000000080045cc       0x28 ./Drivers/STM32F4xx_HAL_Driver/Src/stm32f4xx_hal_rcc.o
                0x00000000080045cc                HAL_RCC_GetPCLK1Freq
 .text.HAL_RCC_GetPCLK2Freq
                0x00000000080045f4       0x28 ./Drivers/STM32F4xx_HAL_Driver/Src/stm32f4xx_hal_rcc.o
                0x00000000080045f4                HAL_RCC_GetPCLK2Freq
 .text.HAL_TIM_Base_Init
                0x000000000800461c       0x9e ./Drivers/STM32F4xx_HAL_Driver/Src/stm32f4xx_hal_tim.o
                0x000000000800461c                HAL_TIM_Base_Init
 *fill*         0x00000000080046ba        0x2 
 .text.HAL_TIM_Base_Start
                0x00000000080046bc       0xb4 ./Drivers/STM32F4xx_HAL_Driver/Src/stm32f4xx_hal_tim.o
                0x00000000080046bc                HAL_TIM_Base_Start
 .text.HAL_TIM_ConfigClockSource
                0x0000000008004770      0x18e ./Drivers/STM32F4xx_HAL_Driver/Src/stm32f4xx_hal_tim.o
                0x0000000008004770                HAL_TIM_ConfigClockSource
 *fill*         0x00000000080048fe        0x2 
 .text.TIM_Base_SetConfig
                0x0000000008004900      0x100 ./Drivers/STM32F4xx_HAL_Driver/Src/stm32f4xx_hal_tim.o
                0x0000000008004900                TIM_Base_SetConfig
 .text.TIM_TI1_ConfigInputStage
                0x0000000008004a00       0x5e ./Drivers/STM32F4xx_HAL_Driver/Src/stm32f4xx_hal_tim.o
 .text.TIM_TI2_ConfigInputStage
                0x0000000008004a5e       0x60 ./Drivers/STM32F4xx_HAL_Driver/Src/stm32f4xx_hal_tim.o
 .text.TIM_ITRx_SetConfig
                0x0000000008004abe       0x36 ./Drivers/STM32F4xx_HAL_Driver/Src/stm32f4xx_hal_tim.o
 .text.TIM_ETR_SetConfig
                0x0000000008004af4       0x40 ./Drivers/STM32F4xx_HAL_Driver/Src/stm32f4xx_hal_tim.o
                0x0000000008004af4                TIM_ETR_SetConfig
 .text.HAL_TIMEx_MasterConfigSynchronization
                0x0000000008004b34       0xdc ./Drivers/STM32F4xx_HAL_Driver/Src/stm32f4xx_hal_tim_ex.o
                0x0000000008004b34                HAL_TIMEx_MasterConfigSynchronization
 .text.HAL_UART_Init
                0x0000000008004c10       0x9a ./Drivers/STM32F4xx_HAL_Driver/Src/stm32f4xx_hal_uart.o
                0x0000000008004c10                HAL_UART_Init
 *fill*         0x0000000008004caa        0x2 
 .text.UART_SetConfig
                0x0000000008004cac      0x4e8 ./Drivers/STM32F4xx_HAL_Driver/Src/stm32f4xx_hal_uart.o
 .text._ZN13TIM_StopWatch5startEv
                0x0000000008005194       0x26 ./subModule/TIM_stopwatch/TIMStopWatch.o
                0x0000000008005194                TIM_StopWatch::start()
 .text._ZN13TIM_StopWatch6updateEv
                0x00000000080051ba       0x7a ./subModule/TIM_stopwatch/TIMStopWatch.o
                0x00000000080051ba                TIM_StopWatch::update()
 .text._ZN13TIM_StopWatch9getTimeMSEv
                0x0000000008005234       0x40 ./subModule/TIM_stopwatch/TIMStopWatch.o
                0x0000000008005234                TIM_StopWatch::getTimeMS()
 .text.atan2    0x0000000008005274        0x4 c:/st/stm32cubeide_1.10.1/stm32cubeide/plugins/com.st.stm32cube.ide.mcu.externaltools.gnu-tools-for-stm32.10.3-2021.10.win32_1.0.0.202111181127/tools/bin/../lib/gcc/arm-none-eabi/10.3.1/../../../../arm-none-eabi/lib/thumb/v7e-m+fp/hard\libm.a(lib_a-w_atan2.o)
                0x0000000008005274                atan2
 .text.pow      0x0000000008005278       0xe0 c:/st/stm32cubeide_1.10.1/stm32cubeide/plugins/com.st.stm32cube.ide.mcu.externaltools.gnu-tools-for-stm32.10.3-2021.10.win32_1.0.0.202111181127/tools/bin/../lib/gcc/arm-none-eabi/10.3.1/../../../../arm-none-eabi/lib/thumb/v7e-m+fp/hard\libm.a(lib_a-w_pow.o)
                0x0000000008005278                pow
 .text.sqrt     0x0000000008005358       0x58 c:/st/stm32cubeide_1.10.1/stm32cubeide/plugins/com.st.stm32cube.ide.mcu.externaltools.gnu-tools-for-stm32.10.3-2021.10.win32_1.0.0.202111181127/tools/bin/../lib/gcc/arm-none-eabi/10.3.1/../../../../arm-none-eabi/lib/thumb/v7e-m+fp/hard\libm.a(lib_a-w_sqrt.o)
                0x0000000008005358                sqrt
 .text.asinf    0x00000000080053b0       0x58 c:/st/stm32cubeide_1.10.1/stm32cubeide/plugins/com.st.stm32cube.ide.mcu.externaltools.gnu-tools-for-stm32.10.3-2021.10.win32_1.0.0.202111181127/tools/bin/../lib/gcc/arm-none-eabi/10.3.1/../../../../arm-none-eabi/lib/thumb/v7e-m+fp/hard\libm.a(lib_a-wf_asin.o)
                0x00000000080053b0                asinf
 .text.__ieee754_atan2
                0x0000000008005408      0x194 c:/st/stm32cubeide_1.10.1/stm32cubeide/plugins/com.st.stm32cube.ide.mcu.externaltools.gnu-tools-for-stm32.10.3-2021.10.win32_1.0.0.202111181127/tools/bin/../lib/gcc/arm-none-eabi/10.3.1/../../../../arm-none-eabi/lib/thumb/v7e-m+fp/hard\libm.a(lib_a-e_atan2.o)
                0x0000000008005408                __ieee754_atan2
 *fill*         0x000000000800559c        0x4 
 .text.__ieee754_pow
                0x00000000080055a0      0xa5c c:/st/stm32cubeide_1.10.1/stm32cubeide/plugins/com.st.stm32cube.ide.mcu.externaltools.gnu-tools-for-stm32.10.3-2021.10.win32_1.0.0.202111181127/tools/bin/../lib/gcc/arm-none-eabi/10.3.1/../../../../arm-none-eabi/lib/thumb/v7e-m+fp/hard\libm.a(lib_a-e_pow.o)
                0x00000000080055a0                __ieee754_pow
 .text.__ieee754_sqrt
                0x0000000008005ffc      0x164 c:/st/stm32cubeide_1.10.1/stm32cubeide/plugins/com.st.stm32cube.ide.mcu.externaltools.gnu-tools-for-stm32.10.3-2021.10.win32_1.0.0.202111181127/tools/bin/../lib/gcc/arm-none-eabi/10.3.1/../../../../arm-none-eabi/lib/thumb/v7e-m+fp/hard\libm.a(lib_a-e_sqrt.o)
                0x0000000008005ffc                __ieee754_sqrt
 .text.__ieee754_asinf
                0x0000000008006160      0x1cc c:/st/stm32cubeide_1.10.1/stm32cubeide/plugins/com.st.stm32cube.ide.mcu.externaltools.gnu-tools-for-stm32.10.3-2021.10.win32_1.0.0.202111181127/tools/bin/../lib/gcc/arm-none-eabi/10.3.1/../../../../arm-none-eabi/lib/thumb/v7e-m+fp/hard\libm.a(lib_a-ef_asin.o)
                0x0000000008006160                __ieee754_asinf
 .text.__ieee754_sqrtf
                0x000000000800632c        0x6 c:/st/stm32cubeide_1.10.1/stm32cubeide/plugins/com.st.stm32cube.ide.mcu.externaltools.gnu-tools-for-stm32.10.3-2021.10.win32_1.0.0.202111181127/tools/bin/../lib/gcc/arm-none-eabi/10.3.1/../../../../arm-none-eabi/lib/thumb/v7e-m+fp/hard\libm.a(lib_a-ef_sqrt.o)
                0x000000000800632c                __ieee754_sqrtf
 .text.with_errno
                0x0000000008006332       0x14 c:/st/stm32cubeide_1.10.1/stm32cubeide/plugins/com.st.stm32cube.ide.mcu.externaltools.gnu-tools-for-stm32.10.3-2021.10.win32_1.0.0.202111181127/tools/bin/../lib/gcc/arm-none-eabi/10.3.1/../../../../arm-none-eabi/lib/thumb/v7e-m+fp/hard\libm.a(lib_a-math_err.o)
 .text.xflow    0x0000000008006346       0x28 c:/st/stm32cubeide_1.10.1/stm32cubeide/plugins/com.st.stm32cube.ide.mcu.externaltools.gnu-tools-for-stm32.10.3-2021.10.win32_1.0.0.202111181127/tools/bin/../lib/gcc/arm-none-eabi/10.3.1/../../../../arm-none-eabi/lib/thumb/v7e-m+fp/hard\libm.a(lib_a-math_err.o)
 .text.__math_uflow
                0x000000000800636e       0x12 c:/st/stm32cubeide_1.10.1/stm32cubeide/plugins/com.st.stm32cube.ide.mcu.externaltools.gnu-tools-for-stm32.10.3-2021.10.win32_1.0.0.202111181127/tools/bin/../lib/gcc/arm-none-eabi/10.3.1/../../../../arm-none-eabi/lib/thumb/v7e-m+fp/hard\libm.a(lib_a-math_err.o)
                0x000000000800636e                __math_uflow
 .text.__math_oflow
                0x0000000008006380       0x12 c:/st/stm32cubeide_1.10.1/stm32cubeide/plugins/com.st.stm32cube.ide.mcu.externaltools.gnu-tools-for-stm32.10.3-2021.10.win32_1.0.0.202111181127/tools/bin/../lib/gcc/arm-none-eabi/10.3.1/../../../../arm-none-eabi/lib/thumb/v7e-m+fp/hard\libm.a(lib_a-math_err.o)
                0x0000000008006380                __math_oflow
 *fill*         0x0000000008006392        0x6 
 .text.atan     0x0000000008006398      0x340 c:/st/stm32cubeide_1.10.1/stm32cubeide/plugins/com.st.stm32cube.ide.mcu.externaltools.gnu-tools-for-stm32.10.3-2021.10.win32_1.0.0.202111181127/tools/bin/../lib/gcc/arm-none-eabi/10.3.1/../../../../arm-none-eabi/lib/thumb/v7e-m+fp/hard\libm.a(lib_a-s_atan.o)
                0x0000000008006398                atan
 .text.fabs     0x00000000080066d8       0x12 c:/st/stm32cubeide_1.10.1/stm32cubeide/plugins/com.st.stm32cube.ide.mcu.externaltools.gnu-tools-for-stm32.10.3-2021.10.win32_1.0.0.202111181127/tools/bin/../lib/gcc/arm-none-eabi/10.3.1/../../../../arm-none-eabi/lib/thumb/v7e-m+fp/hard\libm.a(lib_a-s_fabs.o)
                0x00000000080066d8                fabs
 .text.finite   0x00000000080066ea       0x16 c:/st/stm32cubeide_1.10.1/stm32cubeide/plugins/com.st.stm32cube.ide.mcu.externaltools.gnu-tools-for-stm32.10.3-2021.10.win32_1.0.0.202111181127/tools/bin/../lib/gcc/arm-none-eabi/10.3.1/../../../../arm-none-eabi/lib/thumb/v7e-m+fp/hard\libm.a(lib_a-s_finite.o)
                0x00000000080066ea                finite
 .text.scalbn   0x0000000008006700      0x10c c:/st/stm32cubeide_1.10.1/stm32cubeide/plugins/com.st.stm32cube.ide.mcu.externaltools.gnu-tools-for-stm32.10.3-2021.10.win32_1.0.0.202111181127/tools/bin/../lib/gcc/arm-none-eabi/10.3.1/../../../../arm-none-eabi/lib/thumb/v7e-m+fp/hard\libm.a(lib_a-s_scalbn.o)
                0x0000000008006700                scalbn
 .text.fabsf    0x000000000800680c        0xe c:/st/stm32cubeide_1.10.1/stm32cubeide/plugins/com.st.stm32cube.ide.mcu.externaltools.gnu-tools-for-stm32.10.3-2021.10.win32_1.0.0.202111181127/tools/bin/../lib/gcc/arm-none-eabi/10.3.1/../../../../arm-none-eabi/lib/thumb/v7e-m+fp/hard\libm.a(lib_a-sf_fabs.o)
                0x000000000800680c                fabsf
 *fill*         0x000000000800681a        0x2 
 .text.nanf     0x000000000800681c        0xc c:/st/stm32cubeide_1.10.1/stm32cubeide/plugins/com.st.stm32cube.ide.mcu.externaltools.gnu-tools-for-stm32.10.3-2021.10.win32_1.0.0.202111181127/tools/bin/../lib/gcc/arm-none-eabi/10.3.1/../../../../arm-none-eabi/lib/thumb/v7e-m+fp/hard\libm.a(lib_a-sf_nan.o)
                0x000000000800681c                nanf
 .text.__errno  0x0000000008006828        0xc c:/st/stm32cubeide_1.10.1/stm32cubeide/plugins/com.st.stm32cube.ide.mcu.externaltools.gnu-tools-for-stm32.10.3-2021.10.win32_1.0.0.202111181127/tools/bin/../lib/gcc/arm-none-eabi/10.3.1/../../../../arm-none-eabi/lib/thumb/v7e-m+fp/hard\libc_nano.a(lib_a-errno.o)
                0x0000000008006828                __errno
 .text.__libc_init_array
                0x0000000008006834       0x48 c:/st/stm32cubeide_1.10.1/stm32cubeide/plugins/com.st.stm32cube.ide.mcu.externaltools.gnu-tools-for-stm32.10.3-2021.10.win32_1.0.0.202111181127/tools/bin/../lib/gcc/arm-none-eabi/10.3.1/../../../../arm-none-eabi/lib/thumb/v7e-m+fp/hard\libc_nano.a(lib_a-init.o)
                0x0000000008006834                __libc_init_array
 .text.memset   0x000000000800687c       0x10 c:/st/stm32cubeide_1.10.1/stm32cubeide/plugins/com.st.stm32cube.ide.mcu.externaltools.gnu-tools-for-stm32.10.3-2021.10.win32_1.0.0.202111181127/tools/bin/../lib/gcc/arm-none-eabi/10.3.1/../../../../arm-none-eabi/lib/thumb/v7e-m+fp/hard\libc_nano.a(lib_a-memset.o)
                0x000000000800687c                memset
 *(.glue_7)
 .glue_7        0x000000000800688c        0x0 linker stubs
 *(.glue_7t)
 .glue_7t       0x000000000800688c        0x0 linker stubs
 *(.eh_frame)
 .eh_frame      0x000000000800688c        0x0 c:/st/stm32cubeide_1.10.1/stm32cubeide/plugins/com.st.stm32cube.ide.mcu.externaltools.gnu-tools-for-stm32.10.3-2021.10.win32_1.0.0.202111181127/tools/bin/../lib/gcc/arm-none-eabi/10.3.1/thumb/v7e-m+fp/hard/crtbegin.o
 *(.init)
 .init          0x000000000800688c        0x4 c:/st/stm32cubeide_1.10.1/stm32cubeide/plugins/com.st.stm32cube.ide.mcu.externaltools.gnu-tools-for-stm32.10.3-2021.10.win32_1.0.0.202111181127/tools/bin/../lib/gcc/arm-none-eabi/10.3.1/thumb/v7e-m+fp/hard/crti.o
                0x000000000800688c                _init
 .init          0x0000000008006890        0x8 c:/st/stm32cubeide_1.10.1/stm32cubeide/plugins/com.st.stm32cube.ide.mcu.externaltools.gnu-tools-for-stm32.10.3-2021.10.win32_1.0.0.202111181127/tools/bin/../lib/gcc/arm-none-eabi/10.3.1/thumb/v7e-m+fp/hard/crtn.o
 *(.fini)
 .fini          0x0000000008006898        0x4 c:/st/stm32cubeide_1.10.1/stm32cubeide/plugins/com.st.stm32cube.ide.mcu.externaltools.gnu-tools-for-stm32.10.3-2021.10.win32_1.0.0.202111181127/tools/bin/../lib/gcc/arm-none-eabi/10.3.1/thumb/v7e-m+fp/hard/crti.o
                0x0000000008006898                _fini
 .fini          0x000000000800689c        0x8 c:/st/stm32cubeide_1.10.1/stm32cubeide/plugins/com.st.stm32cube.ide.mcu.externaltools.gnu-tools-for-stm32.10.3-2021.10.win32_1.0.0.202111181127/tools/bin/../lib/gcc/arm-none-eabi/10.3.1/thumb/v7e-m+fp/hard/crtn.o
                0x00000000080068a4                . = ALIGN (0x4)
                0x00000000080068a4                _etext = .

.vfp11_veneer   0x00000000080068a4        0x0
 .vfp11_veneer  0x00000000080068a4        0x0 linker stubs

.v4_bx          0x00000000080068a4        0x0
 .v4_bx         0x00000000080068a4        0x0 linker stubs

.iplt           0x00000000080068a4        0x0
 .iplt          0x00000000080068a4        0x0 c:/st/stm32cubeide_1.10.1/stm32cubeide/plugins/com.st.stm32cube.ide.mcu.externaltools.gnu-tools-for-stm32.10.3-2021.10.win32_1.0.0.202111181127/tools/bin/../lib/gcc/arm-none-eabi/10.3.1/thumb/v7e-m+fp/hard/crtbegin.o

.rodata         0x00000000080068a8       0xe0
                0x00000000080068a8                . = ALIGN (0x4)
 *(.rodata)
 .rodata        0x00000000080068a8       0x20 ./Core/Src/wrapper.o
 *(.rodata*)
 .rodata.AHBPrescTable
                0x00000000080068c8       0x10 ./Core/Src/system_stm32f4xx.o
                0x00000000080068c8                AHBPrescTable
 .rodata.APBPrescTable
                0x00000000080068d8        0x8 ./Core/Src/system_stm32f4xx.o
                0x00000000080068d8                APBPrescTable
 .rodata.asinf.str1.1
                0x00000000080068e0        0x1 c:/st/stm32cubeide_1.10.1/stm32cubeide/plugins/com.st.stm32cube.ide.mcu.externaltools.gnu-tools-for-stm32.10.3-2021.10.win32_1.0.0.202111181127/tools/bin/../lib/gcc/arm-none-eabi/10.3.1/../../../../arm-none-eabi/lib/thumb/v7e-m+fp/hard\libm.a(lib_a-wf_asin.o)
 *fill*         0x00000000080068e1        0x7 
 .rodata.CSWTCH.8
                0x00000000080068e8       0x18 c:/st/stm32cubeide_1.10.1/stm32cubeide/plugins/com.st.stm32cube.ide.mcu.externaltools.gnu-tools-for-stm32.10.3-2021.10.win32_1.0.0.202111181127/tools/bin/../lib/gcc/arm-none-eabi/10.3.1/../../../../arm-none-eabi/lib/thumb/v7e-m+fp/hard\libm.a(lib_a-e_atan2.o)
 .rodata.CSWTCH.9
                0x0000000008006900       0x18 c:/st/stm32cubeide_1.10.1/stm32cubeide/plugins/com.st.stm32cube.ide.mcu.externaltools.gnu-tools-for-stm32.10.3-2021.10.win32_1.0.0.202111181127/tools/bin/../lib/gcc/arm-none-eabi/10.3.1/../../../../arm-none-eabi/lib/thumb/v7e-m+fp/hard\libm.a(lib_a-e_atan2.o)
 .rodata.bp     0x0000000008006918       0x10 c:/st/stm32cubeide_1.10.1/stm32cubeide/plugins/com.st.stm32cube.ide.mcu.externaltools.gnu-tools-for-stm32.10.3-2021.10.win32_1.0.0.202111181127/tools/bin/../lib/gcc/arm-none-eabi/10.3.1/../../../../arm-none-eabi/lib/thumb/v7e-m+fp/hard\libm.a(lib_a-e_pow.o)
 .rodata.dp_h   0x0000000008006928       0x10 c:/st/stm32cubeide_1.10.1/stm32cubeide/plugins/com.st.stm32cube.ide.mcu.externaltools.gnu-tools-for-stm32.10.3-2021.10.win32_1.0.0.202111181127/tools/bin/../lib/gcc/arm-none-eabi/10.3.1/../../../../arm-none-eabi/lib/thumb/v7e-m+fp/hard\libm.a(lib_a-e_pow.o)
 .rodata.dp_l   0x0000000008006938       0x10 c:/st/stm32cubeide_1.10.1/stm32cubeide/plugins/com.st.stm32cube.ide.mcu.externaltools.gnu-tools-for-stm32.10.3-2021.10.win32_1.0.0.202111181127/tools/bin/../lib/gcc/arm-none-eabi/10.3.1/../../../../arm-none-eabi/lib/thumb/v7e-m+fp/hard\libm.a(lib_a-e_pow.o)
 .rodata.atanhi
                0x0000000008006948       0x20 c:/st/stm32cubeide_1.10.1/stm32cubeide/plugins/com.st.stm32cube.ide.mcu.externaltools.gnu-tools-for-stm32.10.3-2021.10.win32_1.0.0.202111181127/tools/bin/../lib/gcc/arm-none-eabi/10.3.1/../../../../arm-none-eabi/lib/thumb/v7e-m+fp/hard\libm.a(lib_a-s_atan.o)
 .rodata.atanlo
                0x0000000008006968       0x20 c:/st/stm32cubeide_1.10.1/stm32cubeide/plugins/com.st.stm32cube.ide.mcu.externaltools.gnu-tools-for-stm32.10.3-2021.10.win32_1.0.0.202111181127/tools/bin/../lib/gcc/arm-none-eabi/10.3.1/../../../../arm-none-eabi/lib/thumb/v7e-m+fp/hard\libm.a(lib_a-s_atan.o)
                0x0000000008006988                . = ALIGN (0x4)

.ARM.extab      0x0000000008006988        0x0
                0x0000000008006988                . = ALIGN (0x4)
 *(.ARM.extab* .gnu.linkonce.armextab.*)
                0x0000000008006988                . = ALIGN (0x4)

.ARM            0x0000000008006988        0x8
                0x0000000008006988                . = ALIGN (0x4)
                0x0000000008006988                __exidx_start = .
 *(.ARM.exidx*)
 .ARM.exidx     0x0000000008006988        0x8 c:/st/stm32cubeide_1.10.1/stm32cubeide/plugins/com.st.stm32cube.ide.mcu.externaltools.gnu-tools-for-stm32.10.3-2021.10.win32_1.0.0.202111181127/tools/bin/../lib/gcc/arm-none-eabi/10.3.1/thumb/v7e-m+fp/hard\libgcc.a(_udivmoddi4.o)
                0x0000000008006990                __exidx_end = .
                0x0000000008006990                . = ALIGN (0x4)

.rel.dyn        0x0000000008006990        0x0
 .rel.iplt      0x0000000008006990        0x0 c:/st/stm32cubeide_1.10.1/stm32cubeide/plugins/com.st.stm32cube.ide.mcu.externaltools.gnu-tools-for-stm32.10.3-2021.10.win32_1.0.0.202111181127/tools/bin/../lib/gcc/arm-none-eabi/10.3.1/thumb/v7e-m+fp/hard/crtbegin.o

.preinit_array  0x0000000008006990        0x0
                0x0000000008006990                . = ALIGN (0x4)
                0x0000000008006990                PROVIDE (__preinit_array_start = .)
 *(.preinit_array*)
                0x0000000008006990                PROVIDE (__preinit_array_end = .)
                0x0000000008006990                . = ALIGN (0x4)

.init_array     0x0000000008006990        0x8
                0x0000000008006990                . = ALIGN (0x4)
                0x0000000008006990                PROVIDE (__init_array_start = .)
 *(SORT_BY_NAME(.init_array.*))
 *(.init_array*)
 .init_array    0x0000000008006990        0x4 c:/st/stm32cubeide_1.10.1/stm32cubeide/plugins/com.st.stm32cube.ide.mcu.externaltools.gnu-tools-for-stm32.10.3-2021.10.win32_1.0.0.202111181127/tools/bin/../lib/gcc/arm-none-eabi/10.3.1/thumb/v7e-m+fp/hard/crtbegin.o
 .init_array    0x0000000008006994        0x4 ./Core/Src/wrapper.o
                0x0000000008006998                PROVIDE (__init_array_end = .)
                0x0000000008006998                . = ALIGN (0x4)

.fini_array     0x0000000008006998        0x4
                0x0000000008006998                . = ALIGN (0x4)
                [!provide]                        PROVIDE (__fini_array_start = .)
 *(SORT_BY_NAME(.fini_array.*))
 *(.fini_array*)
 .fini_array    0x0000000008006998        0x4 c:/st/stm32cubeide_1.10.1/stm32cubeide/plugins/com.st.stm32cube.ide.mcu.externaltools.gnu-tools-for-stm32.10.3-2021.10.win32_1.0.0.202111181127/tools/bin/../lib/gcc/arm-none-eabi/10.3.1/thumb/v7e-m+fp/hard/crtbegin.o
                [!provide]                        PROVIDE (__fini_array_end = .)
                0x000000000800699c                . = ALIGN (0x4)
                0x000000000800699c                _sidata = LOADADDR (.data)

.data           0x0000000020000000       0x90 load address 0x000000000800699c
                0x0000000020000000                . = ALIGN (0x4)
                0x0000000020000000                _sdata = .
 *(.data)
 *(.data*)
 .data.SystemCoreClock
                0x0000000020000000        0x4 ./Core/Src/system_stm32f4xx.o
                0x0000000020000000                SystemCoreClock
 .data.preAttitude
                0x0000000020000004       0x10 ./Core/Src/wrapper.o
                0x0000000020000004                preAttitude
 .data.attitude
                0x0000000020000014       0x10 ./Core/Src/wrapper.o
                0x0000000020000014                attitude
 .data.uwTickPrio
                0x0000000020000024        0x4 ./Drivers/STM32F4xx_HAL_Driver/Src/stm32f4xx_hal.o
                0x0000000020000024                uwTickPrio
 .data.uwTickFreq
                0x0000000020000028        0x1 ./Drivers/STM32F4xx_HAL_Driver/Src/stm32f4xx_hal.o
                0x0000000020000028                uwTickFreq
 *fill*         0x0000000020000029        0x3 
 .data._impure_ptr
                0x000000002000002c        0x4 c:/st/stm32cubeide_1.10.1/stm32cubeide/plugins/com.st.stm32cube.ide.mcu.externaltools.gnu-tools-for-stm32.10.3-2021.10.win32_1.0.0.202111181127/tools/bin/../lib/gcc/arm-none-eabi/10.3.1/../../../../arm-none-eabi/lib/thumb/v7e-m+fp/hard\libc_nano.a(lib_a-impure.o)
                0x000000002000002c                _impure_ptr
 .data.impure_data
                0x0000000020000030       0x60 c:/st/stm32cubeide_1.10.1/stm32cubeide/plugins/com.st.stm32cube.ide.mcu.externaltools.gnu-tools-for-stm32.10.3-2021.10.win32_1.0.0.202111181127/tools/bin/../lib/gcc/arm-none-eabi/10.3.1/../../../../arm-none-eabi/lib/thumb/v7e-m+fp/hard\libc_nano.a(lib_a-impure.o)
 *(.RamFunc)
 *(.RamFunc*)
                0x0000000020000090                . = ALIGN (0x4)
                0x0000000020000090                _edata = .

.igot.plt       0x0000000020000090        0x0 load address 0x0000000008006a2c
 .igot.plt      0x0000000020000090        0x0 c:/st/stm32cubeide_1.10.1/stm32cubeide/plugins/com.st.stm32cube.ide.mcu.externaltools.gnu-tools-for-stm32.10.3-2021.10.win32_1.0.0.202111181127/tools/bin/../lib/gcc/arm-none-eabi/10.3.1/thumb/v7e-m+fp/hard/crtbegin.o
                0x0000000020000090                . = ALIGN (0x4)

.bss            0x0000000020000090      0x1e8 load address 0x0000000008006a2c
                0x0000000020000090                _sbss = .
                0x0000000020000090                __bss_start__ = _sbss
 *(.bss)
 .bss           0x0000000020000090       0x1c c:/st/stm32cubeide_1.10.1/stm32cubeide/plugins/com.st.stm32cube.ide.mcu.externaltools.gnu-tools-for-stm32.10.3-2021.10.win32_1.0.0.202111181127/tools/bin/../lib/gcc/arm-none-eabi/10.3.1/thumb/v7e-m+fp/hard/crtbegin.o
 *(.bss*)
 .bss.hi2c1     0x00000000200000ac       0x54 ./Core/Src/i2c.o
                0x00000000200000ac                hi2c1
 .bss.htim1     0x0000000020000100       0x48 ./Core/Src/tim.o
                0x0000000020000100                htim1
 .bss.huart2    0x0000000020000148       0x44 ./Core/Src/usart.o
                0x0000000020000148                huart2
 .bss.icm20948  0x000000002000018c       0x30 ./Core/Src/wrapper.o
                0x000000002000018c                icm20948
 .bss.preTime   0x00000000200001bc        0x4 ./Core/Src/wrapper.o
                0x00000000200001bc                preTime
 .bss.time      0x00000000200001c0        0x4 ./Core/Src/wrapper.o
                0x00000000200001c0                time
 .bss.stepTime  0x00000000200001c4        0x4 ./Core/Src/wrapper.o
                0x00000000200001c4                stepTime
 .bss.stopwatch
                0x00000000200001c8       0x14 ./Core/Src/wrapper.o
                0x00000000200001c8                stopwatch
 .bss.accelValue
                0x00000000200001dc        0xc ./Core/Src/wrapper.o
                0x00000000200001dc                accelValue
 .bss.gyroValue
                0x00000000200001e8        0xc ./Core/Src/wrapper.o
                0x00000000200001e8                gyroValue
 .bss.roll      0x00000000200001f4        0x4 ./Core/Src/wrapper.o
                0x00000000200001f4                roll
 .bss.pitch     0x00000000200001f8        0x4 ./Core/Src/wrapper.o
                0x00000000200001f8                pitch
 .bss.yaw       0x00000000200001fc        0x4 ./Core/Src/wrapper.o
                0x00000000200001fc                yaw
 .bss.qDotOmega
                0x0000000020000200       0x10 ./Core/Src/wrapper.o
                0x0000000020000200                qDotOmega
 .bss.f         0x0000000020000210        0xc ./Core/Src/wrapper.o
                0x0000000020000210                f
 .bss.j         0x000000002000021c       0x30 ./Core/Src/wrapper.o
                0x000000002000021c                j
 .bss.qDotEpsilon
                0x000000002000024c       0x10 ./Core/Src/wrapper.o
                0x000000002000024c                qDotEpsilon
 .bss.fSize     0x000000002000025c        0x4 ./Core/Src/wrapper.o
                0x000000002000025c                fSize
 .bss.qDot      0x0000000020000260       0x10 ./Core/Src/wrapper.o
                0x0000000020000260                qDot
 .bss.gyro      0x0000000020000270        0x4 ./Core/Src/wrapper.o
                0x0000000020000270                gyro
 .bss.uwTick    0x0000000020000274        0x4 ./Drivers/STM32F4xx_HAL_Driver/Src/stm32f4xx_hal.o
                0x0000000020000274                uwTick
 *(COMMON)
                0x0000000020000278                . = ALIGN (0x4)
                0x0000000020000278                _ebss = .
                0x0000000020000278                __bss_end__ = _ebss

._user_heap_stack
                0x0000000020000278      0x600 load address 0x0000000008006a2c
                0x0000000020000278                . = ALIGN (0x8)
                [!provide]                        PROVIDE (end = .)
                0x0000000020000278                PROVIDE (_end = .)
                0x0000000020000478                . = (. + _Min_Heap_Size)
 *fill*         0x0000000020000278      0x200 
                0x0000000020000878                . = (. + _Min_Stack_Size)
 *fill*         0x0000000020000478      0x400 
                0x0000000020000878                . = ALIGN (0x8)

/DISCARD/
 libc.a(*)
 libm.a(*)
 libgcc.a(*)

.ARM.attributes
                0x0000000000000000       0x30
 *(.ARM.attributes)
 .ARM.attributes
                0x0000000000000000       0x1e c:/st/stm32cubeide_1.10.1/stm32cubeide/plugins/com.st.stm32cube.ide.mcu.externaltools.gnu-tools-for-stm32.10.3-2021.10.win32_1.0.0.202111181127/tools/bin/../lib/gcc/arm-none-eabi/10.3.1/thumb/v7e-m+fp/hard/crti.o
 .ARM.attributes
                0x000000000000001e       0x34 c:/st/stm32cubeide_1.10.1/stm32cubeide/plugins/com.st.stm32cube.ide.mcu.externaltools.gnu-tools-for-stm32.10.3-2021.10.win32_1.0.0.202111181127/tools/bin/../lib/gcc/arm-none-eabi/10.3.1/thumb/v7e-m+fp/hard/crtbegin.o
 .ARM.attributes
                0x0000000000000052       0x34 ./Core/Src/ICM20948.o
 .ARM.attributes
                0x0000000000000086       0x34 ./Core/Src/gpio.o
 .ARM.attributes
                0x00000000000000ba       0x34 ./Core/Src/i2c.o
 .ARM.attributes
                0x00000000000000ee       0x34 ./Core/Src/main.o
 .ARM.attributes
                0x0000000000000122       0x34 ./Core/Src/stm32f4xx_hal_msp.o
 .ARM.attributes
                0x0000000000000156       0x34 ./Core/Src/stm32f4xx_it.o
 .ARM.attributes
                0x000000000000018a       0x34 ./Core/Src/system_stm32f4xx.o
 .ARM.attributes
                0x00000000000001be       0x34 ./Core/Src/tim.o
 .ARM.attributes
                0x00000000000001f2       0x34 ./Core/Src/usart.o
 .ARM.attributes
                0x0000000000000226       0x34 ./Core/Src/wrapper.o
 .ARM.attributes
                0x000000000000025a       0x21 ./Core/Startup/startup_stm32f411retx.o
 .ARM.attributes
                0x000000000000027b       0x34 ./Drivers/STM32F4xx_HAL_Driver/Src/stm32f4xx_hal.o
 .ARM.attributes
                0x00000000000002af       0x34 ./Drivers/STM32F4xx_HAL_Driver/Src/stm32f4xx_hal_cortex.o
 .ARM.attributes
                0x00000000000002e3       0x34 ./Drivers/STM32F4xx_HAL_Driver/Src/stm32f4xx_hal_gpio.o
 .ARM.attributes
                0x0000000000000317       0x34 ./Drivers/STM32F4xx_HAL_Driver/Src/stm32f4xx_hal_i2c.o
 .ARM.attributes
                0x000000000000034b       0x34 ./Drivers/STM32F4xx_HAL_Driver/Src/stm32f4xx_hal_rcc.o
 .ARM.attributes
                0x000000000000037f       0x34 ./Drivers/STM32F4xx_HAL_Driver/Src/stm32f4xx_hal_tim.o
 .ARM.attributes
                0x00000000000003b3       0x34 ./Drivers/STM32F4xx_HAL_Driver/Src/stm32f4xx_hal_tim_ex.o
 .ARM.attributes
                0x00000000000003e7       0x34 ./Drivers/STM32F4xx_HAL_Driver/Src/stm32f4xx_hal_uart.o
 .ARM.attributes
                0x000000000000041b       0x34 ./subModule/TIM_stopwatch/TIMStopWatch.o
 .ARM.attributes
                0x000000000000044f       0x34 c:/st/stm32cubeide_1.10.1/stm32cubeide/plugins/com.st.stm32cube.ide.mcu.externaltools.gnu-tools-for-stm32.10.3-2021.10.win32_1.0.0.202111181127/tools/bin/../lib/gcc/arm-none-eabi/10.3.1/../../../../arm-none-eabi/lib/thumb/v7e-m+fp/hard\libm.a(lib_a-w_atan2.o)
 .ARM.attributes
                0x0000000000000483       0x34 c:/st/stm32cubeide_1.10.1/stm32cubeide/plugins/com.st.stm32cube.ide.mcu.externaltools.gnu-tools-for-stm32.10.3-2021.10.win32_1.0.0.202111181127/tools/bin/../lib/gcc/arm-none-eabi/10.3.1/../../../../arm-none-eabi/lib/thumb/v7e-m+fp/hard\libm.a(lib_a-w_pow.o)
 .ARM.attributes
                0x00000000000004b7       0x34 c:/st/stm32cubeide_1.10.1/stm32cubeide/plugins/com.st.stm32cube.ide.mcu.externaltools.gnu-tools-for-stm32.10.3-2021.10.win32_1.0.0.202111181127/tools/bin/../lib/gcc/arm-none-eabi/10.3.1/../../../../arm-none-eabi/lib/thumb/v7e-m+fp/hard\libm.a(lib_a-w_sqrt.o)
 .ARM.attributes
                0x00000000000004eb       0x34 c:/st/stm32cubeide_1.10.1/stm32cubeide/plugins/com.st.stm32cube.ide.mcu.externaltools.gnu-tools-for-stm32.10.3-2021.10.win32_1.0.0.202111181127/tools/bin/../lib/gcc/arm-none-eabi/10.3.1/../../../../arm-none-eabi/lib/thumb/v7e-m+fp/hard\libm.a(lib_a-wf_asin.o)
 .ARM.attributes
                0x000000000000051f       0x34 c:/st/stm32cubeide_1.10.1/stm32cubeide/plugins/com.st.stm32cube.ide.mcu.externaltools.gnu-tools-for-stm32.10.3-2021.10.win32_1.0.0.202111181127/tools/bin/../lib/gcc/arm-none-eabi/10.3.1/../../../../arm-none-eabi/lib/thumb/v7e-m+fp/hard\libm.a(lib_a-e_atan2.o)
 .ARM.attributes
                0x0000000000000553       0x34 c:/st/stm32cubeide_1.10.1/stm32cubeide/plugins/com.st.stm32cube.ide.mcu.externaltools.gnu-tools-for-stm32.10.3-2021.10.win32_1.0.0.202111181127/tools/bin/../lib/gcc/arm-none-eabi/10.3.1/../../../../arm-none-eabi/lib/thumb/v7e-m+fp/hard\libm.a(lib_a-e_pow.o)
 .ARM.attributes
                0x0000000000000587       0x34 c:/st/stm32cubeide_1.10.1/stm32cubeide/plugins/com.st.stm32cube.ide.mcu.externaltools.gnu-tools-for-stm32.10.3-2021.10.win32_1.0.0.202111181127/tools/bin/../lib/gcc/arm-none-eabi/10.3.1/../../../../arm-none-eabi/lib/thumb/v7e-m+fp/hard\libm.a(lib_a-e_sqrt.o)
 .ARM.attributes
                0x00000000000005bb       0x34 c:/st/stm32cubeide_1.10.1/stm32cubeide/plugins/com.st.stm32cube.ide.mcu.externaltools.gnu-tools-for-stm32.10.3-2021.10.win32_1.0.0.202111181127/tools/bin/../lib/gcc/arm-none-eabi/10.3.1/../../../../arm-none-eabi/lib/thumb/v7e-m+fp/hard\libm.a(lib_a-ef_asin.o)
 .ARM.attributes
                0x00000000000005ef       0x34 c:/st/stm32cubeide_1.10.1/stm32cubeide/plugins/com.st.stm32cube.ide.mcu.externaltools.gnu-tools-for-stm32.10.3-2021.10.win32_1.0.0.202111181127/tools/bin/../lib/gcc/arm-none-eabi/10.3.1/../../../../arm-none-eabi/lib/thumb/v7e-m+fp/hard\libm.a(lib_a-ef_sqrt.o)
 .ARM.attributes
                0x0000000000000623       0x34 c:/st/stm32cubeide_1.10.1/stm32cubeide/plugins/com.st.stm32cube.ide.mcu.externaltools.gnu-tools-for-stm32.10.3-2021.10.win32_1.0.0.202111181127/tools/bin/../lib/gcc/arm-none-eabi/10.3.1/../../../../arm-none-eabi/lib/thumb/v7e-m+fp/hard\libm.a(lib_a-math_err.o)
 .ARM.attributes
                0x0000000000000657       0x34 c:/st/stm32cubeide_1.10.1/stm32cubeide/plugins/com.st.stm32cube.ide.mcu.externaltools.gnu-tools-for-stm32.10.3-2021.10.win32_1.0.0.202111181127/tools/bin/../lib/gcc/arm-none-eabi/10.3.1/../../../../arm-none-eabi/lib/thumb/v7e-m+fp/hard\libm.a(lib_a-s_atan.o)
 .ARM.attributes
                0x000000000000068b       0x34 c:/st/stm32cubeide_1.10.1/stm32cubeide/plugins/com.st.stm32cube.ide.mcu.externaltools.gnu-tools-for-stm32.10.3-2021.10.win32_1.0.0.202111181127/tools/bin/../lib/gcc/arm-none-eabi/10.3.1/../../../../arm-none-eabi/lib/thumb/v7e-m+fp/hard\libm.a(lib_a-s_fabs.o)
 .ARM.attributes
                0x00000000000006bf       0x34 c:/st/stm32cubeide_1.10.1/stm32cubeide/plugins/com.st.stm32cube.ide.mcu.externaltools.gnu-tools-for-stm32.10.3-2021.10.win32_1.0.0.202111181127/tools/bin/../lib/gcc/arm-none-eabi/10.3.1/../../../../arm-none-eabi/lib/thumb/v7e-m+fp/hard\libm.a(lib_a-s_finite.o)
 .ARM.attributes
                0x00000000000006f3       0x34 c:/st/stm32cubeide_1.10.1/stm32cubeide/plugins/com.st.stm32cube.ide.mcu.externaltools.gnu-tools-for-stm32.10.3-2021.10.win32_1.0.0.202111181127/tools/bin/../lib/gcc/arm-none-eabi/10.3.1/../../../../arm-none-eabi/lib/thumb/v7e-m+fp/hard\libm.a(lib_a-s_scalbn.o)
 .ARM.attributes
                0x0000000000000727       0x34 c:/st/stm32cubeide_1.10.1/stm32cubeide/plugins/com.st.stm32cube.ide.mcu.externaltools.gnu-tools-for-stm32.10.3-2021.10.win32_1.0.0.202111181127/tools/bin/../lib/gcc/arm-none-eabi/10.3.1/../../../../arm-none-eabi/lib/thumb/v7e-m+fp/hard\libm.a(lib_a-sf_fabs.o)
 .ARM.attributes
                0x000000000000075b       0x34 c:/st/stm32cubeide_1.10.1/stm32cubeide/plugins/com.st.stm32cube.ide.mcu.externaltools.gnu-tools-for-stm32.10.3-2021.10.win32_1.0.0.202111181127/tools/bin/../lib/gcc/arm-none-eabi/10.3.1/../../../../arm-none-eabi/lib/thumb/v7e-m+fp/hard\libm.a(lib_a-sf_nan.o)
 .ARM.attributes
                0x000000000000078f       0x34 c:/st/stm32cubeide_1.10.1/stm32cubeide/plugins/com.st.stm32cube.ide.mcu.externaltools.gnu-tools-for-stm32.10.3-2021.10.win32_1.0.0.202111181127/tools/bin/../lib/gcc/arm-none-eabi/10.3.1/../../../../arm-none-eabi/lib/thumb/v7e-m+fp/hard\libc_nano.a(lib_a-errno.o)
 .ARM.attributes
                0x00000000000007c3       0x34 c:/st/stm32cubeide_1.10.1/stm32cubeide/plugins/com.st.stm32cube.ide.mcu.externaltools.gnu-tools-for-stm32.10.3-2021.10.win32_1.0.0.202111181127/tools/bin/../lib/gcc/arm-none-eabi/10.3.1/../../../../arm-none-eabi/lib/thumb/v7e-m+fp/hard\libc_nano.a(lib_a-impure.o)
 .ARM.attributes
                0x00000000000007f7       0x34 c:/st/stm32cubeide_1.10.1/stm32cubeide/plugins/com.st.stm32cube.ide.mcu.externaltools.gnu-tools-for-stm32.10.3-2021.10.win32_1.0.0.202111181127/tools/bin/../lib/gcc/arm-none-eabi/10.3.1/../../../../arm-none-eabi/lib/thumb/v7e-m+fp/hard\libc_nano.a(lib_a-init.o)
 .ARM.attributes
                0x000000000000082b       0x34 c:/st/stm32cubeide_1.10.1/stm32cubeide/plugins/com.st.stm32cube.ide.mcu.externaltools.gnu-tools-for-stm32.10.3-2021.10.win32_1.0.0.202111181127/tools/bin/../lib/gcc/arm-none-eabi/10.3.1/../../../../arm-none-eabi/lib/thumb/v7e-m+fp/hard\libc_nano.a(lib_a-memset.o)
 .ARM.attributes
                0x000000000000085f       0x1e c:/st/stm32cubeide_1.10.1/stm32cubeide/plugins/com.st.stm32cube.ide.mcu.externaltools.gnu-tools-for-stm32.10.3-2021.10.win32_1.0.0.202111181127/tools/bin/../lib/gcc/arm-none-eabi/10.3.1/thumb/v7e-m+fp/hard\libgcc.a(_arm_addsubdf3.o)
 .ARM.attributes
                0x000000000000087d       0x1e c:/st/stm32cubeide_1.10.1/stm32cubeide/plugins/com.st.stm32cube.ide.mcu.externaltools.gnu-tools-for-stm32.10.3-2021.10.win32_1.0.0.202111181127/tools/bin/../lib/gcc/arm-none-eabi/10.3.1/thumb/v7e-m+fp/hard\libgcc.a(_arm_muldivdf3.o)
 .ARM.attributes
                0x000000000000089b       0x1e c:/st/stm32cubeide_1.10.1/stm32cubeide/plugins/com.st.stm32cube.ide.mcu.externaltools.gnu-tools-for-stm32.10.3-2021.10.win32_1.0.0.202111181127/tools/bin/../lib/gcc/arm-none-eabi/10.3.1/thumb/v7e-m+fp/hard\libgcc.a(_arm_cmpdf2.o)
 .ARM.attributes
                0x00000000000008b9       0x1e c:/st/stm32cubeide_1.10.1/stm32cubeide/plugins/com.st.stm32cube.ide.mcu.externaltools.gnu-tools-for-stm32.10.3-2021.10.win32_1.0.0.202111181127/tools/bin/../lib/gcc/arm-none-eabi/10.3.1/thumb/v7e-m+fp/hard\libgcc.a(_arm_unorddf2.o)
 .ARM.attributes
                0x00000000000008d7       0x1e c:/st/stm32cubeide_1.10.1/stm32cubeide/plugins/com.st.stm32cube.ide.mcu.externaltools.gnu-tools-for-stm32.10.3-2021.10.win32_1.0.0.202111181127/tools/bin/../lib/gcc/arm-none-eabi/10.3.1/thumb/v7e-m+fp/hard\libgcc.a(_arm_truncdfsf2.o)
 .ARM.attributes
                0x00000000000008f5       0x1e c:/st/stm32cubeide_1.10.1/stm32cubeide/plugins/com.st.stm32cube.ide.mcu.externaltools.gnu-tools-for-stm32.10.3-2021.10.win32_1.0.0.202111181127/tools/bin/../lib/gcc/arm-none-eabi/10.3.1/thumb/v7e-m+fp/hard\libgcc.a(_aeabi_uldivmod.o)
 .ARM.attributes
                0x0000000000000913       0x34 c:/st/stm32cubeide_1.10.1/stm32cubeide/plugins/com.st.stm32cube.ide.mcu.externaltools.gnu-tools-for-stm32.10.3-2021.10.win32_1.0.0.202111181127/tools/bin/../lib/gcc/arm-none-eabi/10.3.1/thumb/v7e-m+fp/hard\libgcc.a(_udivmoddi4.o)
 .ARM.attributes
                0x0000000000000947       0x1e c:/st/stm32cubeide_1.10.1/stm32cubeide/plugins/com.st.stm32cube.ide.mcu.externaltools.gnu-tools-for-stm32.10.3-2021.10.win32_1.0.0.202111181127/tools/bin/../lib/gcc/arm-none-eabi/10.3.1/thumb/v7e-m+fp/hard\libgcc.a(_dvmd_tls.o)
 .ARM.attributes
                0x0000000000000965       0x1e c:/st/stm32cubeide_1.10.1/stm32cubeide/plugins/com.st.stm32cube.ide.mcu.externaltools.gnu-tools-for-stm32.10.3-2021.10.win32_1.0.0.202111181127/tools/bin/../lib/gcc/arm-none-eabi/10.3.1/thumb/v7e-m+fp/hard/crtn.o
OUTPUT(icm20948_F411RE.elf elf32-littlearm)
LOAD linker stubs
LOAD c:/st/stm32cubeide_1.10.1/stm32cubeide/plugins/com.st.stm32cube.ide.mcu.externaltools.gnu-tools-for-stm32.10.3-2021.10.win32_1.0.0.202111181127/tools/bin/../lib/gcc/arm-none-eabi/10.3.1/../../../../arm-none-eabi/lib/thumb/v7e-m+fp/hard\libc.a
LOAD c:/st/stm32cubeide_1.10.1/stm32cubeide/plugins/com.st.stm32cube.ide.mcu.externaltools.gnu-tools-for-stm32.10.3-2021.10.win32_1.0.0.202111181127/tools/bin/../lib/gcc/arm-none-eabi/10.3.1/../../../../arm-none-eabi/lib/thumb/v7e-m+fp/hard\libm.a
LOAD c:/st/stm32cubeide_1.10.1/stm32cubeide/plugins/com.st.stm32cube.ide.mcu.externaltools.gnu-tools-for-stm32.10.3-2021.10.win32_1.0.0.202111181127/tools/bin/../lib/gcc/arm-none-eabi/10.3.1/thumb/v7e-m+fp/hard\libgcc.a

.debug_info     0x0000000000000000    0x17d33
 .debug_info    0x0000000000000000     0x1695 ./Core/Src/ICM20948.o
 .debug_info    0x0000000000001695      0x66e ./Core/Src/gpio.o
 .debug_info    0x0000000000001d03      0xa40 ./Core/Src/i2c.o
 .debug_info    0x0000000000002743      0x564 ./Core/Src/main.o
 .debug_info    0x0000000000002ca7      0x2e7 ./Core/Src/stm32f4xx_hal_msp.o
 .debug_info    0x0000000000002f8e      0x15d ./Core/Src/stm32f4xx_it.o
 .debug_info    0x00000000000030eb      0x54f ./Core/Src/system_stm32f4xx.o
 .debug_info    0x000000000000363a      0xa0a ./Core/Src/tim.o
 .debug_info    0x0000000000004044      0x9c4 ./Core/Src/usart.o
 .debug_info    0x0000000000004a08     0x692d ./Core/Src/wrapper.o
 .debug_info    0x000000000000b335       0x22 ./Core/Startup/startup_stm32f411retx.o
 .debug_info    0x000000000000b357      0x90d ./Drivers/STM32F4xx_HAL_Driver/Src/stm32f4xx_hal.o
 .debug_info    0x000000000000bc64      0xd8b ./Drivers/STM32F4xx_HAL_Driver/Src/stm32f4xx_hal_cortex.o
 .debug_info    0x000000000000c9ef      0x78e ./Drivers/STM32F4xx_HAL_Driver/Src/stm32f4xx_hal_gpio.o
 .debug_info    0x000000000000d17d     0x260f ./Drivers/STM32F4xx_HAL_Driver/Src/stm32f4xx_hal_i2c.o
 .debug_info    0x000000000000f78c      0x98d ./Drivers/STM32F4xx_HAL_Driver/Src/stm32f4xx_hal_rcc.o
 .debug_info    0x0000000000010119     0x2bb6 ./Drivers/STM32F4xx_HAL_Driver/Src/stm32f4xx_hal_tim.o
 .debug_info    0x0000000000012ccf     0x15d8 ./Drivers/STM32F4xx_HAL_Driver/Src/stm32f4xx_hal_tim_ex.o
 .debug_info    0x00000000000142a7     0x31b4 ./Drivers/STM32F4xx_HAL_Driver/Src/stm32f4xx_hal_uart.o
 .debug_info    0x000000000001745b      0x8d8 ./subModule/TIM_stopwatch/TIMStopWatch.o

.debug_abbrev   0x0000000000000000     0x2e76
 .debug_abbrev  0x0000000000000000      0x404 ./Core/Src/ICM20948.o
 .debug_abbrev  0x0000000000000404      0x164 ./Core/Src/gpio.o
 .debug_abbrev  0x0000000000000568      0x1e0 ./Core/Src/i2c.o
 .debug_abbrev  0x0000000000000748      0x1cc ./Core/Src/main.o
 .debug_abbrev  0x0000000000000914       0xf0 ./Core/Src/stm32f4xx_hal_msp.o
 .debug_abbrev  0x0000000000000a04       0x9f ./Core/Src/stm32f4xx_it.o
 .debug_abbrev  0x0000000000000aa3      0x116 ./Core/Src/system_stm32f4xx.o
 .debug_abbrev  0x0000000000000bb9      0x1d3 ./Core/Src/tim.o
 .debug_abbrev  0x0000000000000d8c      0x1e7 ./Core/Src/usart.o
 .debug_abbrev  0x0000000000000f73      0x897 ./Core/Src/wrapper.o
 .debug_abbrev  0x000000000000180a       0x12 ./Core/Startup/startup_stm32f411retx.o
 .debug_abbrev  0x000000000000181c      0x23e ./Drivers/STM32F4xx_HAL_Driver/Src/stm32f4xx_hal.o
 .debug_abbrev  0x0000000000001a5a      0x316 ./Drivers/STM32F4xx_HAL_Driver/Src/stm32f4xx_hal_cortex.o
 .debug_abbrev  0x0000000000001d70      0x1c4 ./Drivers/STM32F4xx_HAL_Driver/Src/stm32f4xx_hal_gpio.o
 .debug_abbrev  0x0000000000001f34      0x2a8 ./Drivers/STM32F4xx_HAL_Driver/Src/stm32f4xx_hal_i2c.o
 .debug_abbrev  0x00000000000021dc      0x2aa ./Drivers/STM32F4xx_HAL_Driver/Src/stm32f4xx_hal_rcc.o
 .debug_abbrev  0x0000000000002486      0x26e ./Drivers/STM32F4xx_HAL_Driver/Src/stm32f4xx_hal_tim.o
 .debug_abbrev  0x00000000000026f4      0x276 ./Drivers/STM32F4xx_HAL_Driver/Src/stm32f4xx_hal_tim_ex.o
 .debug_abbrev  0x000000000000296a      0x305 ./Drivers/STM32F4xx_HAL_Driver/Src/stm32f4xx_hal_uart.o
 .debug_abbrev  0x0000000000002c6f      0x207 ./subModule/TIM_stopwatch/TIMStopWatch.o

.debug_aranges  0x0000000000000000      0xfe8
 .debug_aranges
                0x0000000000000000       0x98 ./Core/Src/ICM20948.o
 .debug_aranges
                0x0000000000000098       0x20 ./Core/Src/gpio.o
 .debug_aranges
                0x00000000000000b8       0x30 ./Core/Src/i2c.o
 .debug_aranges
                0x00000000000000e8       0x30 ./Core/Src/main.o
 .debug_aranges
                0x0000000000000118       0x20 ./Core/Src/stm32f4xx_hal_msp.o
 .debug_aranges
                0x0000000000000138       0x68 ./Core/Src/stm32f4xx_it.o
 .debug_aranges
                0x00000000000001a0       0x28 ./Core/Src/system_stm32f4xx.o
 .debug_aranges
                0x00000000000001c8       0x30 ./Core/Src/tim.o
 .debug_aranges
                0x00000000000001f8       0x30 ./Core/Src/usart.o
 .debug_aranges
                0x0000000000000228       0x98 ./Core/Src/wrapper.o
 .debug_aranges
                0x00000000000002c0       0x28 ./Core/Startup/startup_stm32f411retx.o
 .debug_aranges
                0x00000000000002e8       0xf0 ./Drivers/STM32F4xx_HAL_Driver/Src/stm32f4xx_hal.o
 .debug_aranges
                0x00000000000003d8      0x118 ./Drivers/STM32F4xx_HAL_Driver/Src/stm32f4xx_hal_cortex.o
 .debug_aranges
                0x00000000000004f0       0x58 ./Drivers/STM32F4xx_HAL_Driver/Src/stm32f4xx_hal_gpio.o
 .debug_aranges
                0x0000000000000548      0x2a0 ./Drivers/STM32F4xx_HAL_Driver/Src/stm32f4xx_hal_i2c.o
 .debug_aranges
                0x00000000000007e8       0x88 ./Drivers/STM32F4xx_HAL_Driver/Src/stm32f4xx_hal_rcc.o
 .debug_aranges
                0x0000000000000870      0x3d0 ./Drivers/STM32F4xx_HAL_Driver/Src/stm32f4xx_hal_tim.o
 .debug_aranges
                0x0000000000000c40      0x168 ./Drivers/STM32F4xx_HAL_Driver/Src/stm32f4xx_hal_tim_ex.o
 .debug_aranges
                0x0000000000000da8      0x200 ./Drivers/STM32F4xx_HAL_Driver/Src/stm32f4xx_hal_uart.o
 .debug_aranges
                0x0000000000000fa8       0x40 ./subModule/TIM_stopwatch/TIMStopWatch.o

.debug_ranges   0x0000000000000000      0xef8
 .debug_ranges  0x0000000000000000       0x88 ./Core/Src/ICM20948.o
 .debug_ranges  0x0000000000000088       0x10 ./Core/Src/gpio.o
 .debug_ranges  0x0000000000000098       0x20 ./Core/Src/i2c.o
 .debug_ranges  0x00000000000000b8       0x20 ./Core/Src/main.o
 .debug_ranges  0x00000000000000d8       0x10 ./Core/Src/stm32f4xx_hal_msp.o
 .debug_ranges  0x00000000000000e8       0x58 ./Core/Src/stm32f4xx_it.o
 .debug_ranges  0x0000000000000140       0x18 ./Core/Src/system_stm32f4xx.o
 .debug_ranges  0x0000000000000158       0x20 ./Core/Src/tim.o
 .debug_ranges  0x0000000000000178       0x20 ./Core/Src/usart.o
 .debug_ranges  0x0000000000000198       0x88 ./Core/Src/wrapper.o
 .debug_ranges  0x0000000000000220       0x20 ./Core/Startup/startup_stm32f411retx.o
 .debug_ranges  0x0000000000000240       0xe0 ./Drivers/STM32F4xx_HAL_Driver/Src/stm32f4xx_hal.o
 .debug_ranges  0x0000000000000320      0x108 ./Drivers/STM32F4xx_HAL_Driver/Src/stm32f4xx_hal_cortex.o
 .debug_ranges  0x0000000000000428       0x48 ./Drivers/STM32F4xx_HAL_Driver/Src/stm32f4xx_hal_gpio.o
 .debug_ranges  0x0000000000000470      0x2a8 ./Drivers/STM32F4xx_HAL_Driver/Src/stm32f4xx_hal_i2c.o
 .debug_ranges  0x0000000000000718       0x78 ./Drivers/STM32F4xx_HAL_Driver/Src/stm32f4xx_hal_rcc.o
 .debug_ranges  0x0000000000000790      0x3c0 ./Drivers/STM32F4xx_HAL_Driver/Src/stm32f4xx_hal_tim.o
 .debug_ranges  0x0000000000000b50      0x158 ./Drivers/STM32F4xx_HAL_Driver/Src/stm32f4xx_hal_tim_ex.o
 .debug_ranges  0x0000000000000ca8      0x220 ./Drivers/STM32F4xx_HAL_Driver/Src/stm32f4xx_hal_uart.o
 .debug_ranges  0x0000000000000ec8       0x30 ./subModule/TIM_stopwatch/TIMStopWatch.o

.debug_macro    0x0000000000000000    0x1a64b
 .debug_macro   0x0000000000000000      0x33e ./Core/Src/ICM20948.o
 .debug_macro   0x000000000000033e      0xb50 ./Core/Src/ICM20948.o
 .debug_macro   0x0000000000000e8e      0x2a1 ./Core/Src/ICM20948.o
 .debug_macro   0x000000000000112f       0x2e ./Core/Src/ICM20948.o
 .debug_macro   0x000000000000115d       0x28 ./Core/Src/ICM20948.o
 .debug_macro   0x0000000000001185       0x1c ./Core/Src/ICM20948.o
 .debug_macro   0x00000000000011a1       0x22 ./Core/Src/ICM20948.o
 .debug_macro   0x00000000000011c3       0x8e ./Core/Src/ICM20948.o
 .debug_macro   0x0000000000001251       0x51 ./Core/Src/ICM20948.o
 .debug_macro   0x00000000000012a2      0x103 ./Core/Src/ICM20948.o
 .debug_macro   0x00000000000013a5       0x6a ./Core/Src/ICM20948.o
 .debug_macro   0x000000000000140f      0x1df ./Core/Src/ICM20948.o
 .debug_macro   0x00000000000015ee       0x1c ./Core/Src/ICM20948.o
 .debug_macro   0x000000000000160a       0x22 ./Core/Src/ICM20948.o
 .debug_macro   0x000000000000162c       0xd9 ./Core/Src/ICM20948.o
 .debug_macro   0x0000000000001705     0x102d ./Core/Src/ICM20948.o
 .debug_macro   0x0000000000002732      0x11f ./Core/Src/ICM20948.o
 .debug_macro   0x0000000000002851     0xb953 ./Core/Src/ICM20948.o
 .debug_macro   0x000000000000e1a4       0x6d ./Core/Src/ICM20948.o
 .debug_macro   0x000000000000e211     0x367e ./Core/Src/ICM20948.o
 .debug_macro   0x000000000001188f      0x17b ./Core/Src/ICM20948.o
 .debug_macro   0x0000000000011a0a       0x5c ./Core/Src/ICM20948.o
 .debug_macro   0x0000000000011a66      0x447 ./Core/Src/ICM20948.o
 .debug_macro   0x0000000000011ead      0x9fe ./Core/Src/ICM20948.o
 .debug_macro   0x00000000000128ab      0x115 ./Core/Src/ICM20948.o
 .debug_macro   0x00000000000129c0      0x11b ./Core/Src/ICM20948.o
 .debug_macro   0x0000000000012adb       0xa5 ./Core/Src/ICM20948.o
 .debug_macro   0x0000000000012b80      0x15f ./Core/Src/ICM20948.o
 .debug_macro   0x0000000000012cdf      0x287 ./Core/Src/ICM20948.o
 .debug_macro   0x0000000000012f66       0x5f ./Core/Src/ICM20948.o
 .debug_macro   0x0000000000012fc5      0x236 ./Core/Src/ICM20948.o
 .debug_macro   0x00000000000131fb      0x132 ./Core/Src/ICM20948.o
 .debug_macro   0x000000000001332d      0x264 ./Core/Src/ICM20948.o
 .debug_macro   0x0000000000013591       0x2e ./Core/Src/ICM20948.o
 .debug_macro   0x00000000000135bf      0x1b5 ./Core/Src/ICM20948.o
 .debug_macro   0x0000000000013774       0x22 ./Core/Src/ICM20948.o
 .debug_macro   0x0000000000013796       0xd6 ./Core/Src/ICM20948.o
 .debug_macro   0x000000000001386c      0x11a ./Core/Src/ICM20948.o
 .debug_macro   0x0000000000013986       0x85 ./Core/Src/ICM20948.o
 .debug_macro   0x0000000000013a0b       0x89 ./Core/Src/ICM20948.o
 .debug_macro   0x0000000000013a94      0x8e6 ./Core/Src/ICM20948.o
 .debug_macro   0x000000000001437a       0x47 ./Core/Src/ICM20948.o
 .debug_macro   0x00000000000143c1      0x295 ./Core/Src/ICM20948.o
 .debug_macro   0x0000000000014656      0x126 ./Core/Src/ICM20948.o
 .debug_macro   0x000000000001477c       0x5e ./Core/Src/ICM20948.o
 .debug_macro   0x00000000000147da      0x18a ./Core/Src/ICM20948.o
 .debug_macro   0x0000000000014964       0x10 ./Core/Src/ICM20948.o
 .debug_macro   0x0000000000014974      0x3d1 ./Core/Src/ICM20948.o
 .debug_macro   0x0000000000014d45       0x41 ./Core/Src/ICM20948.o
 .debug_macro   0x0000000000014d86       0x12 ./Core/Src/ICM20948.o
 .debug_macro   0x0000000000014d98       0x27 ./Core/Src/ICM20948.o
 .debug_macro   0x0000000000014dbf       0x1c ./Core/Src/ICM20948.o
 .debug_macro   0x0000000000014ddb       0x18 ./Core/Src/ICM20948.o
 .debug_macro   0x0000000000014df3       0x4f ./Core/Src/ICM20948.o
 .debug_macro   0x0000000000014e42       0x28 ./Core/Src/ICM20948.o
 .debug_macro   0x0000000000014e6a       0x2e ./Core/Src/ICM20948.o
 .debug_macro   0x0000000000014e98       0x19 ./Core/Src/ICM20948.o
 .debug_macro   0x0000000000014eb1       0x88 ./Core/Src/ICM20948.o
 .debug_macro   0x0000000000014f39       0x19 ./Core/Src/ICM20948.o
 .debug_macro   0x0000000000014f52       0x28 ./Core/Src/ICM20948.o
 .debug_macro   0x0000000000014f7a      0x200 ./Core/Src/gpio.o
 .debug_macro   0x000000000001517a      0xa78 ./Core/Src/gpio.o
 .debug_macro   0x0000000000015bf2     0x102d ./Core/Src/gpio.o
 .debug_macro   0x0000000000016c1f      0x174 ./Core/Src/gpio.o
 .debug_macro   0x0000000000016d93      0x200 ./Core/Src/i2c.o
 .debug_macro   0x0000000000016f93      0x22c ./Core/Src/main.o
 .debug_macro   0x00000000000171bf      0x1f6 ./Core/Src/stm32f4xx_hal_msp.o
 .debug_macro   0x00000000000173b5      0x200 ./Core/Src/stm32f4xx_it.o
 .debug_macro   0x00000000000175b5      0x1e7 ./Core/Src/system_stm32f4xx.o
 .debug_macro   0x000000000001779c      0x200 ./Core/Src/tim.o
 .debug_macro   0x000000000001799c      0x200 ./Core/Src/usart.o
 .debug_macro   0x0000000000017b9c      0x78e ./Core/Src/wrapper.o
 .debug_macro   0x000000000001832a       0x52 ./Core/Src/wrapper.o
 .debug_macro   0x000000000001837c       0x34 ./Core/Src/wrapper.o
 .debug_macro   0x00000000000183b0       0x43 ./Core/Src/wrapper.o
 .debug_macro   0x00000000000183f3       0x16 ./Core/Src/wrapper.o
 .debug_macro   0x0000000000018409       0x1c ./Core/Src/wrapper.o
 .debug_macro   0x0000000000018425       0x3c ./Core/Src/wrapper.o
 .debug_macro   0x0000000000018461      0x364 ./Core/Src/wrapper.o
 .debug_macro   0x00000000000187c5       0x10 ./Core/Src/wrapper.o
 .debug_macro   0x00000000000187d5       0x33 ./Core/Src/wrapper.o
 .debug_macro   0x0000000000018808      0x173 ./Core/Src/wrapper.o
 .debug_macro   0x000000000001897b       0x10 ./Core/Src/wrapper.o
 .debug_macro   0x000000000001898b       0x11 ./Core/Src/wrapper.o
 .debug_macro   0x000000000001899c       0x10 ./Core/Src/wrapper.o
 .debug_macro   0x00000000000189ac       0x35 ./Core/Src/wrapper.o
 .debug_macro   0x00000000000189e1       0x5e ./Core/Src/wrapper.o
 .debug_macro   0x0000000000018a3f       0x16 ./Core/Src/wrapper.o
 .debug_macro   0x0000000000018a55       0x52 ./Core/Src/wrapper.o
 .debug_macro   0x0000000000018aa7       0x5e ./Core/Src/wrapper.o
 .debug_macro   0x0000000000018b05       0x11 ./Core/Src/wrapper.o
 .debug_macro   0x0000000000018b16       0x11 ./Core/Src/wrapper.o
 .debug_macro   0x0000000000018b27       0x2f ./Core/Src/wrapper.o
 .debug_macro   0x0000000000018b56       0x16 ./Core/Src/wrapper.o
 .debug_macro   0x0000000000018b6c       0x10 ./Core/Src/wrapper.o
 .debug_macro   0x0000000000018b7c       0x1c ./Core/Src/wrapper.o
 .debug_macro   0x0000000000018b98       0xde ./Core/Src/wrapper.o
 .debug_macro   0x0000000000018c76      0x130 ./Core/Src/wrapper.o
 .debug_macro   0x0000000000018da6      0x11d ./Core/Src/wrapper.o
 .debug_macro   0x0000000000018ec3       0x17 ./Core/Src/wrapper.o
 .debug_macro   0x0000000000018eda      0x194 ./Core/Src/wrapper.o
 .debug_macro   0x000000000001906e      0x3cd ./Core/Src/wrapper.o
 .debug_macro   0x000000000001943b      0x247 ./Drivers/STM32F4xx_HAL_Driver/Src/stm32f4xx_hal.o
 .debug_macro   0x0000000000019682      0x1e7 ./Drivers/STM32F4xx_HAL_Driver/Src/stm32f4xx_hal_cortex.o
 .debug_macro   0x0000000000019869      0x1ed ./Drivers/STM32F4xx_HAL_Driver/Src/stm32f4xx_hal_gpio.o
 .debug_macro   0x0000000000019a56      0x22e ./Drivers/STM32F4xx_HAL_Driver/Src/stm32f4xx_hal_i2c.o
 .debug_macro   0x0000000000019c84      0x20b ./Drivers/STM32F4xx_HAL_Driver/Src/stm32f4xx_hal_rcc.o
 .debug_macro   0x0000000000019e8f      0x1e8 ./Drivers/STM32F4xx_HAL_Driver/Src/stm32f4xx_hal_tim.o
 .debug_macro   0x000000000001a077      0x1e7 ./Drivers/STM32F4xx_HAL_Driver/Src/stm32f4xx_hal_tim_ex.o
 .debug_macro   0x000000000001a25e      0x1e8 ./Drivers/STM32F4xx_HAL_Driver/Src/stm32f4xx_hal_uart.o
 .debug_macro   0x000000000001a446      0x205 ./subModule/TIM_stopwatch/TIMStopWatch.o

.debug_line     0x0000000000000000    0x14fb2
 .debug_line    0x0000000000000000     0x12bb ./Core/Src/ICM20948.o
 .debug_line    0x00000000000012bb      0x712 ./Core/Src/gpio.o
 .debug_line    0x00000000000019cd      0x756 ./Core/Src/i2c.o
 .debug_line    0x0000000000002123      0x797 ./Core/Src/main.o
 .debug_line    0x00000000000028ba      0x6ed ./Core/Src/stm32f4xx_hal_msp.o
 .debug_line    0x0000000000002fa7      0x7c8 ./Core/Src/stm32f4xx_it.o
 .debug_line    0x000000000000376f      0x76e ./Core/Src/system_stm32f4xx.o
 .debug_line    0x0000000000003edd      0x758 ./Core/Src/tim.o
 .debug_line    0x0000000000004635      0x756 ./Core/Src/usart.o
 .debug_line    0x0000000000004d8b     0x1931 ./Core/Src/wrapper.o
 .debug_line    0x00000000000066bc       0x88 ./Core/Startup/startup_stm32f411retx.o
 .debug_line    0x0000000000006744      0x9d4 ./Drivers/STM32F4xx_HAL_Driver/Src/stm32f4xx_hal.o
 .debug_line    0x0000000000007118      0xc83 ./Drivers/STM32F4xx_HAL_Driver/Src/stm32f4xx_hal_cortex.o
 .debug_line    0x0000000000007d9b      0xb0c ./Drivers/STM32F4xx_HAL_Driver/Src/stm32f4xx_hal_gpio.o
 .debug_line    0x00000000000088a7     0x3989 ./Drivers/STM32F4xx_HAL_Driver/Src/stm32f4xx_hal_i2c.o
 .debug_line    0x000000000000c230      0xd50 ./Drivers/STM32F4xx_HAL_Driver/Src/stm32f4xx_hal_rcc.o
 .debug_line    0x000000000000cf80     0x34a2 ./Drivers/STM32F4xx_HAL_Driver/Src/stm32f4xx_hal_tim.o
 .debug_line    0x0000000000010422     0x196c ./Drivers/STM32F4xx_HAL_Driver/Src/stm32f4xx_hal_tim_ex.o
 .debug_line    0x0000000000011d8e     0x2a79 ./Drivers/STM32F4xx_HAL_Driver/Src/stm32f4xx_hal_uart.o
 .debug_line    0x0000000000014807      0x7ab ./subModule/TIM_stopwatch/TIMStopWatch.o

.debug_str      0x0000000000000000    0x9b720
 .debug_str     0x0000000000000000    0x8bcd0 ./Core/Src/ICM20948.o
                                      0x8c128 (size before relaxing)
 .debug_str     0x000000000008bcd0      0x768 ./Core/Src/gpio.o
                                      0x8898b (size before relaxing)
 .debug_str     0x000000000008c438       0x7c ./Core/Src/i2c.o
                                      0x88af7 (size before relaxing)
 .debug_str     0x000000000008c4b4      0x1c9 ./Core/Src/main.o
                                      0x88728 (size before relaxing)
 .debug_str     0x000000000008c67d       0x49 ./Core/Src/stm32f4xx_hal_msp.o
                                      0x88515 (size before relaxing)
 .debug_str     0x000000000008c6c6       0xf7 ./Core/Src/stm32f4xx_it.o
                                      0x884ae (size before relaxing)
 .debug_str     0x000000000008c7bd       0xdb ./Core/Src/system_stm32f4xx.o
                                      0x88466 (size before relaxing)
 .debug_str     0x000000000008c898      0x314 ./Core/Src/tim.o
                                      0x88b99 (size before relaxing)
 .debug_str     0x000000000008cbac      0x20c ./Core/Src/usart.o
                                      0x88a58 (size before relaxing)
 .debug_str     0x000000000008cdb8     0xb9ad ./Core/Src/wrapper.o
                                      0x981a8 (size before relaxing)
 .debug_str     0x0000000000098765       0x36 ./Core/Startup/startup_stm32f411retx.o
                                         0x79 (size before relaxing)
 .debug_str     0x000000000009879b      0x5f0 ./Drivers/STM32F4xx_HAL_Driver/Src/stm32f4xx_hal.o
                                      0x88e92 (size before relaxing)
 .debug_str     0x0000000000098d8b      0x32e ./Drivers/STM32F4xx_HAL_Driver/Src/stm32f4xx_hal_cortex.o
                                      0x88bb3 (size before relaxing)
 .debug_str     0x00000000000990b9       0xd5 ./Drivers/STM32F4xx_HAL_Driver/Src/stm32f4xx_hal_gpio.o
                                      0x885e1 (size before relaxing)
 .debug_str     0x000000000009918e      0xae1 ./Drivers/STM32F4xx_HAL_Driver/Src/stm32f4xx_hal_i2c.o
                                      0x89424 (size before relaxing)
 .debug_str     0x0000000000099c6f      0x208 ./Drivers/STM32F4xx_HAL_Driver/Src/stm32f4xx_hal_rcc.o
                                      0x8889a (size before relaxing)
 .debug_str     0x0000000000099e77      0xdef ./Drivers/STM32F4xx_HAL_Driver/Src/stm32f4xx_hal_tim.o
                                      0x897ce (size before relaxing)
 .debug_str     0x000000000009ac66      0x493 ./Drivers/STM32F4xx_HAL_Driver/Src/stm32f4xx_hal_tim_ex.o
                                      0x88fea (size before relaxing)
 .debug_str     0x000000000009b0f9      0x5fb ./Drivers/STM32F4xx_HAL_Driver/Src/stm32f4xx_hal_uart.o
                                      0x88e27 (size before relaxing)
 .debug_str     0x000000000009b6f4       0x2c ./subModule/TIM_stopwatch/TIMStopWatch.o
                                      0x8902b (size before relaxing)

.comment        0x0000000000000000       0x50
 .comment       0x0000000000000000       0x50 ./Core/Src/ICM20948.o
                                         0x51 (size before relaxing)
 .comment       0x0000000000000050       0x51 ./Core/Src/gpio.o
 .comment       0x0000000000000050       0x51 ./Core/Src/i2c.o
 .comment       0x0000000000000050       0x51 ./Core/Src/main.o
 .comment       0x0000000000000050       0x51 ./Core/Src/stm32f4xx_hal_msp.o
 .comment       0x0000000000000050       0x51 ./Core/Src/stm32f4xx_it.o
 .comment       0x0000000000000050       0x51 ./Core/Src/system_stm32f4xx.o
 .comment       0x0000000000000050       0x51 ./Core/Src/tim.o
 .comment       0x0000000000000050       0x51 ./Core/Src/usart.o
 .comment       0x0000000000000050       0x51 ./Core/Src/wrapper.o
 .comment       0x0000000000000050       0x51 ./Drivers/STM32F4xx_HAL_Driver/Src/stm32f4xx_hal.o
 .comment       0x0000000000000050       0x51 ./Drivers/STM32F4xx_HAL_Driver/Src/stm32f4xx_hal_cortex.o
 .comment       0x0000000000000050       0x51 ./Drivers/STM32F4xx_HAL_Driver/Src/stm32f4xx_hal_gpio.o
 .comment       0x0000000000000050       0x51 ./Drivers/STM32F4xx_HAL_Driver/Src/stm32f4xx_hal_i2c.o
 .comment       0x0000000000000050       0x51 ./Drivers/STM32F4xx_HAL_Driver/Src/stm32f4xx_hal_rcc.o
 .comment       0x0000000000000050       0x51 ./Drivers/STM32F4xx_HAL_Driver/Src/stm32f4xx_hal_tim.o
 .comment       0x0000000000000050       0x51 ./Drivers/STM32F4xx_HAL_Driver/Src/stm32f4xx_hal_tim_ex.o
 .comment       0x0000000000000050       0x51 ./Drivers/STM32F4xx_HAL_Driver/Src/stm32f4xx_hal_uart.o
 .comment       0x0000000000000050       0x51 ./subModule/TIM_stopwatch/TIMStopWatch.o

.debug_frame    0x0000000000000000     0x49b4
 .debug_frame   0x0000000000000000      0x2a0 ./Core/Src/ICM20948.o
 .debug_frame   0x00000000000002a0       0x34 ./Core/Src/gpio.o
 .debug_frame   0x00000000000002d4       0x74 ./Core/Src/i2c.o
 .debug_frame   0x0000000000000348       0x68 ./Core/Src/main.o
 .debug_frame   0x00000000000003b0       0x34 ./Core/Src/stm32f4xx_hal_msp.o
 .debug_frame   0x00000000000003e4      0x120 ./Core/Src/stm32f4xx_it.o
 .debug_frame   0x0000000000000504       0x58 ./Core/Src/system_stm32f4xx.o
 .debug_frame   0x000000000000055c       0x84 ./Core/Src/tim.o
 .debug_frame   0x00000000000005e0       0x74 ./Core/Src/usart.o
 .debug_frame   0x0000000000000654      0x278 ./Core/Src/wrapper.o
 .debug_frame   0x00000000000008cc      0x374 ./Drivers/STM32F4xx_HAL_Driver/Src/stm32f4xx_hal.o
 .debug_frame   0x0000000000000c40      0x498 ./Drivers/STM32F4xx_HAL_Driver/Src/stm32f4xx_hal_cortex.o
 .debug_frame   0x00000000000010d8      0x14c ./Drivers/STM32F4xx_HAL_Driver/Src/stm32f4xx_hal_gpio.o
 .debug_frame   0x0000000000001224      0xc5c ./Drivers/STM32F4xx_HAL_Driver/Src/stm32f4xx_hal_i2c.o
 .debug_frame   0x0000000000001e80      0x1f4 ./Drivers/STM32F4xx_HAL_Driver/Src/stm32f4xx_hal_rcc.o
 .debug_frame   0x0000000000002074     0x11bc ./Drivers/STM32F4xx_HAL_Driver/Src/stm32f4xx_hal_tim.o
 .debug_frame   0x0000000000003230      0x638 ./Drivers/STM32F4xx_HAL_Driver/Src/stm32f4xx_hal_tim_ex.o
 .debug_frame   0x0000000000003868      0x92c ./Drivers/STM32F4xx_HAL_Driver/Src/stm32f4xx_hal_uart.o
 .debug_frame   0x0000000000004194       0xcc ./subModule/TIM_stopwatch/TIMStopWatch.o
 .debug_frame   0x0000000000004260       0x20 c:/st/stm32cubeide_1.10.1/stm32cubeide/plugins/com.st.stm32cube.ide.mcu.externaltools.gnu-tools-for-stm32.10.3-2021.10.win32_1.0.0.202111181127/tools/bin/../lib/gcc/arm-none-eabi/10.3.1/../../../../arm-none-eabi/lib/thumb/v7e-m+fp/hard\libm.a(lib_a-w_atan2.o)